Mar 18 14:23:22 localhost kernel: Linux version 4.18.0-425.3.1.el8.x86_64 (mockbuild@dal1-prod-builder001.bld.equ.rockylinux.org) (gcc version 8.5.0 20210514 (Red Hat 8.5.0-15) (GCC)) #1 SMP Wed Nov 9 20:13:27 UTC 2022
Mar 18 14:23:22 localhost kernel: Command line: BOOT_IMAGE=(hd0,msdos1)/vmlinuz-4.18.0-425.3.1.el8.x86_64 root=/dev/mapper/rl-root ro crashkernel=auto resume=/dev/mapper/rl-swap rd.lvm.lv=rl/root rd.lvm.lv=rl/swap rhgb quiet
Mar 18 14:23:22 localhost kernel: x86/fpu: Supporting XSAVE feature 0x001: 'x87 floating point registers'
Mar 18 14:23:22 localhost kernel: x86/fpu: Supporting XSAVE feature 0x002: 'SSE registers'
Mar 18 14:23:22 localhost kernel: x86/fpu: Supporting XSAVE feature 0x004: 'AVX registers'
Mar 18 14:23:22 localhost kernel: x86/fpu: xstate_offset[2]:  576, xstate_sizes[2]:  256
Mar 18 14:23:22 localhost kernel: x86/fpu: Enabled xstate features 0x7, context size is 832 bytes, using 'standard' format.
Mar 18 14:23:22 localhost kernel: signal: max sigframe size: 1776
Mar 18 14:23:22 localhost kernel: BIOS-provided physical RAM map:
Mar 18 14:23:22 localhost kernel: BIOS-e820: [mem 0x0000000000000000-0x000000000009fbff] usable
Mar 18 14:23:22 localhost kernel: BIOS-e820: [mem 0x000000000009fc00-0x000000000009ffff] reserved
Mar 18 14:23:22 localhost kernel: BIOS-e820: [mem 0x00000000000f0000-0x00000000000fffff] reserved
Mar 18 14:23:22 localhost kernel: BIOS-e820: [mem 0x0000000000100000-0x00000000dffeffff] usable
Mar 18 14:23:22 localhost kernel: BIOS-e820: [mem 0x00000000dfff0000-0x00000000dfffffff] ACPI data
Mar 18 14:23:22 localhost kernel: BIOS-e820: [mem 0x00000000fec00000-0x00000000fec00fff] reserved
Mar 18 14:23:22 localhost kernel: BIOS-e820: [mem 0x00000000fee00000-0x00000000fee00fff] reserved
Mar 18 14:23:22 localhost kernel: BIOS-e820: [mem 0x00000000fffc0000-0x00000000ffffffff] reserved
Mar 18 14:23:22 localhost kernel: BIOS-e820: [mem 0x0000000100000000-0x000000021fffffff] usable
Mar 18 14:23:22 localhost kernel: NX (Execute Disable) protection: active
Mar 18 14:23:22 localhost kernel: SMBIOS 2.5 present.
Mar 18 14:23:22 localhost kernel: DMI: innotek GmbH VirtualBox/VirtualBox, BIOS VirtualBox 12/01/2006
Mar 18 14:23:22 localhost kernel: Hypervisor detected: KVM
Mar 18 14:23:22 localhost kernel: kvm-clock: Using msrs 4b564d01 and 4b564d00
Mar 18 14:23:22 localhost kernel: kvm-clock: using sched offset of 10794558748 cycles
Mar 18 14:23:22 localhost kernel: clocksource: kvm-clock: mask: 0xffffffffffffffff max_cycles: 0x1cd42e4dffb, max_idle_ns: 881590591483 ns
Mar 18 14:23:22 localhost kernel: tsc: Detected 2592.002 MHz processor
Mar 18 14:23:22 localhost kernel: last_pfn = 0x220000 max_arch_pfn = 0x400000000
Mar 18 14:23:22 localhost kernel: Disabled
Mar 18 14:23:22 localhost kernel: x86/PAT: MTRRs disabled, skipping PAT initialization too.
Mar 18 14:23:22 localhost kernel: CPU MTRRs all blank - virtualized system.
Mar 18 14:23:22 localhost kernel: x86/PAT: Configuration [0-7]: WB  WT  UC- UC  WB  WT  UC- UC  
Mar 18 14:23:22 localhost kernel: last_pfn = 0xdfff0 max_arch_pfn = 0x400000000
Mar 18 14:23:22 localhost kernel: found SMP MP-table at [mem 0x0009fff0-0x0009ffff]
Mar 18 14:23:22 localhost kernel: RAMDISK: [mem 0x31a06000-0x34cfafff]
Mar 18 14:23:22 localhost kernel: ACPI: Early table checksum verification disabled
Mar 18 14:23:22 localhost kernel: ACPI: RSDP 0x00000000000E0000 000024 (v02 VBOX  )
Mar 18 14:23:22 localhost kernel: ACPI: XSDT 0x00000000DFFF0030 00003C (v01 VBOX   VBOXXSDT 00000001 ASL  00000061)
Mar 18 14:23:22 localhost kernel: ACPI: FACP 0x00000000DFFF00F0 0000F4 (v04 VBOX   VBOXFACP 00000001 ASL  00000061)
Mar 18 14:23:22 localhost kernel: ACPI: DSDT 0x00000000DFFF0630 002353 (v02 VBOX   VBOXBIOS 00000002 INTL 20100528)
Mar 18 14:23:22 localhost kernel: ACPI: FACS 0x00000000DFFF0200 000040
Mar 18 14:23:22 localhost kernel: ACPI: FACS 0x00000000DFFF0200 000040
Mar 18 14:23:22 localhost kernel: ACPI: APIC 0x00000000DFFF0240 000074 (v02 VBOX   VBOXAPIC 00000001 ASL  00000061)
Mar 18 14:23:22 localhost kernel: ACPI: SSDT 0x00000000DFFF02C0 00036C (v01 VBOX   VBOXCPUT 00000002 INTL 20100528)
Mar 18 14:23:22 localhost kernel: ACPI: Reserving FACP table memory at [mem 0xdfff00f0-0xdfff01e3]
Mar 18 14:23:22 localhost kernel: ACPI: Reserving DSDT table memory at [mem 0xdfff0630-0xdfff2982]
Mar 18 14:23:22 localhost kernel: ACPI: Reserving FACS table memory at [mem 0xdfff0200-0xdfff023f]
Mar 18 14:23:22 localhost kernel: ACPI: Reserving FACS table memory at [mem 0xdfff0200-0xdfff023f]
Mar 18 14:23:22 localhost kernel: ACPI: Reserving APIC table memory at [mem 0xdfff0240-0xdfff02b3]
Mar 18 14:23:22 localhost kernel: ACPI: Reserving SSDT table memory at [mem 0xdfff02c0-0xdfff062b]
Mar 18 14:23:22 localhost kernel: No NUMA configuration found
Mar 18 14:23:22 localhost kernel: Faking a node at [mem 0x0000000000000000-0x000000021fffffff]
Mar 18 14:23:22 localhost kernel: NODE_DATA(0) allocated [mem 0x21ffd1000-0x21fffbfff]
Mar 18 14:23:22 localhost kernel: Using crashkernel=auto, the size chosen is a best effort estimation.
Mar 18 14:23:22 localhost kernel: Reserving 192MB of memory at 3376MB for crashkernel (System RAM: 8191MB)
Mar 18 14:23:22 localhost kernel: Zone ranges:
Mar 18 14:23:22 localhost kernel:  DMA      [mem 0x0000000000001000-0x0000000000ffffff]
Mar 18 14:23:22 localhost kernel:  DMA32    [mem 0x0000000001000000-0x00000000ffffffff]
Mar 18 14:23:22 localhost kernel:  Normal   [mem 0x0000000100000000-0x000000021fffffff]
Mar 18 14:23:22 localhost kernel:  Device   empty
Mar 18 14:23:22 localhost kernel: Movable zone start for each node
Mar 18 14:23:22 localhost kernel: Early memory node ranges
Mar 18 14:23:22 localhost kernel:  node   0: [mem 0x0000000000001000-0x000000000009efff]
Mar 18 14:23:22 localhost kernel:  node   0: [mem 0x0000000000100000-0x00000000dffeffff]
Mar 18 14:23:22 localhost kernel:  node   0: [mem 0x0000000100000000-0x000000021fffffff]
Mar 18 14:23:22 localhost kernel: Zeroed struct page in unavailable ranges: 114 pages
Mar 18 14:23:22 localhost kernel: Initmem setup node 0 [mem 0x0000000000001000-0x000000021fffffff]
Mar 18 14:23:22 localhost kernel: ACPI: PM-Timer IO Port: 0x4008
Mar 18 14:23:22 localhost kernel: IOAPIC[0]: apic_id 5, version 32, address 0xfec00000, GSI 0-23
Mar 18 14:23:22 localhost kernel: ACPI: INT_SRC_OVR (bus 0 bus_irq 0 global_irq 2 dfl dfl)
Mar 18 14:23:22 localhost kernel: ACPI: INT_SRC_OVR (bus 0 bus_irq 9 global_irq 9 low level)
Mar 18 14:23:22 localhost kernel: Using ACPI (MADT) for SMP configuration information
Mar 18 14:23:22 localhost kernel: smpboot: Allowing 5 CPUs, 0 hotplug CPUs
Mar 18 14:23:22 localhost kernel: PM: Registered nosave memory: [mem 0x00000000-0x00000fff]
Mar 18 14:23:22 localhost kernel: PM: Registered nosave memory: [mem 0x0009f000-0x0009ffff]
Mar 18 14:23:22 localhost kernel: PM: Registered nosave memory: [mem 0x000a0000-0x000effff]
Mar 18 14:23:22 localhost kernel: PM: Registered nosave memory: [mem 0x000f0000-0x000fffff]
Mar 18 14:23:22 localhost kernel: PM: Registered nosave memory: [mem 0xdfff0000-0xdfffffff]
Mar 18 14:23:22 localhost kernel: PM: Registered nosave memory: [mem 0xe0000000-0xfebfffff]
Mar 18 14:23:22 localhost kernel: PM: Registered nosave memory: [mem 0xfec00000-0xfec00fff]
Mar 18 14:23:22 localhost kernel: PM: Registered nosave memory: [mem 0xfec01000-0xfedfffff]
Mar 18 14:23:22 localhost kernel: PM: Registered nosave memory: [mem 0xfee00000-0xfee00fff]
Mar 18 14:23:22 localhost kernel: PM: Registered nosave memory: [mem 0xfee01000-0xfffbffff]
Mar 18 14:23:22 localhost kernel: PM: Registered nosave memory: [mem 0xfffc0000-0xffffffff]
Mar 18 14:23:22 localhost kernel: [mem 0xe0000000-0xfebfffff] available for PCI devices
Mar 18 14:23:22 localhost kernel: Booting paravirtualized kernel on KVM
Mar 18 14:23:22 localhost kernel: clocksource: refined-jiffies: mask: 0xffffffff max_cycles: 0xffffffff, max_idle_ns: 1910969940391419 ns
Mar 18 14:23:22 localhost kernel: setup_percpu: NR_CPUS:8192 nr_cpumask_bits:5 nr_cpu_ids:5 nr_node_ids:1
Mar 18 14:23:22 localhost kernel: percpu: Embedded 55 pages/cpu s188416 r8192 d28672 u1048576
Mar 18 14:23:22 localhost kernel: kvm-guest: PV spinlocks enabled
Mar 18 14:23:22 localhost kernel: PV qspinlock hash table entries: 256 (order: 0, 4096 bytes, linear)
Mar 18 14:23:22 localhost kernel: Built 1 zonelists, mobility grouping on.  Total pages: 2064112
Mar 18 14:23:22 localhost kernel: Policy zone: Normal
Mar 18 14:23:22 localhost kernel: Kernel command line: BOOT_IMAGE=(hd0,msdos1)/vmlinuz-4.18.0-425.3.1.el8.x86_64 root=/dev/mapper/rl-root ro crashkernel=auto resume=/dev/mapper/rl-swap rd.lvm.lv=rl/root rd.lvm.lv=rl/swap rhgb quiet
Mar 18 14:23:22 localhost kernel: Specific versions of hardware are certified with Red Hat Enterprise Linux 8. Please see the list of hardware certified with Red Hat Enterprise Linux 8 at https://catalog.redhat.com.
Mar 18 14:23:22 localhost kernel: Memory: 3485676K/8388152K available (12293K kernel code, 5878K rwdata, 8380K rodata, 2552K init, 14256K bss, 499412K reserved, 0K cma-reserved)
Mar 18 14:23:22 localhost kernel: SLUB: HWalign=64, Order=0-3, MinObjects=0, CPUs=5, Nodes=1
Mar 18 14:23:22 localhost kernel: ftrace: allocating 40415 entries in 158 pages
Mar 18 14:23:22 localhost kernel: ftrace: allocated 158 pages with 5 groups
Mar 18 14:23:22 localhost kernel: rcu: Hierarchical RCU implementation.
Mar 18 14:23:22 localhost kernel: rcu: #011RCU restricting CPUs from NR_CPUS=8192 to nr_cpu_ids=5.
Mar 18 14:23:22 localhost kernel: #011Rude variant of Tasks RCU enabled.
Mar 18 14:23:22 localhost kernel: #011Tracing variant of Tasks RCU enabled.
Mar 18 14:23:22 localhost kernel: rcu: RCU calculated value of scheduler-enlistment delay is 100 jiffies.
Mar 18 14:23:22 localhost kernel: rcu: Adjusting geometry for rcu_fanout_leaf=16, nr_cpu_ids=5
Mar 18 14:23:22 localhost kernel: NR_IRQS: 524544, nr_irqs: 464, preallocated irqs: 16
Mar 18 14:23:22 localhost kernel: random: crng done (trusting CPU's manufacturer)
Mar 18 14:23:22 localhost kernel: Console: colour VGA+ 80x25
Mar 18 14:23:22 localhost kernel: printk: console [tty0] enabled
Mar 18 14:23:22 localhost kernel: ACPI: Core revision 20211217
Mar 18 14:23:22 localhost kernel: APIC: Switch to symmetric I/O mode setup
Mar 18 14:23:22 localhost kernel: x2apic enabled
Mar 18 14:23:22 localhost kernel: Switched APIC routing to physical x2apic.
Mar 18 14:23:22 localhost kernel: ..TIMER: vector=0x30 apic1=0 pin1=2 apic2=-1 pin2=-1
Mar 18 14:23:22 localhost kernel: clocksource: tsc-early: mask: 0xffffffffffffffff max_cycles: 0x255cb8d7d74, max_idle_ns: 440795265546 ns
Mar 18 14:23:22 localhost kernel: Calibrating delay loop (skipped) preset value.. 5184.00 BogoMIPS (lpj=2592002)
Mar 18 14:23:22 localhost kernel: pid_max: default: 32768 minimum: 301
Mar 18 14:23:22 localhost kernel: LSM: Security Framework initializing
Mar 18 14:23:22 localhost kernel: Yama: becoming mindful.
Mar 18 14:23:22 localhost kernel: SELinux:  Initializing.
Mar 18 14:23:22 localhost kernel: LSM support for eBPF active
Mar 18 14:23:22 localhost kernel: Dentry cache hash table entries: 1048576 (order: 11, 8388608 bytes, vmalloc)
Mar 18 14:23:22 localhost kernel: Inode-cache hash table entries: 524288 (order: 10, 4194304 bytes, vmalloc)
Mar 18 14:23:22 localhost kernel: Mount-cache hash table entries: 16384 (order: 5, 131072 bytes, vmalloc)
Mar 18 14:23:22 localhost kernel: Mountpoint-cache hash table entries: 16384 (order: 5, 131072 bytes, vmalloc)
Mar 18 14:23:22 localhost kernel: Last level iTLB entries: 4KB 64, 2MB 8, 4MB 8
Mar 18 14:23:22 localhost kernel: Last level dTLB entries: 4KB 64, 2MB 0, 4MB 0, 1GB 4
Mar 18 14:23:22 localhost kernel: Spectre V1 : Mitigation: usercopy/swapgs barriers and __user pointer sanitization
Mar 18 14:23:22 localhost kernel: Spectre V2 : Mitigation: Retpolines
Mar 18 14:23:22 localhost kernel: Spectre V2 : Spectre v2 / SpectreRSB mitigation: Filling RSB on context switch
Mar 18 14:23:22 localhost kernel: Spectre V2 : Spectre v2 / SpectreRSB : Filling RSB on VMEXIT
Mar 18 14:23:22 localhost kernel: RETBleed: WARNING: Spectre v2 mitigation leaves CPU vulnerable to RETBleed attacks, data leaks possible!
Mar 18 14:23:22 localhost kernel: RETBleed: Vulnerable
Mar 18 14:23:22 localhost kernel: Speculative Store Bypass: Vulnerable
Mar 18 14:23:22 localhost kernel: MMIO Stale Data: Vulnerable: Clear CPU buffers attempted, no microcode
Mar 18 14:23:22 localhost kernel: SRBDS: Unknown: Dependent on hypervisor status
Mar 18 14:23:22 localhost kernel: Freeing SMP alternatives memory: 36K
Mar 18 14:23:22 localhost kernel: APIC calibration not consistent with PM-Timer: 102ms instead of 100ms
Mar 18 14:23:22 localhost kernel: APIC delta adjusted to PM-Timer: 6293668 (6467382)
Mar 18 14:23:22 localhost kernel: smpboot: CPU0: Intel(R) Core(TM) i7-10750H CPU @ 2.60GHz (family: 0x6, model: 0xa5, stepping: 0x2)
Mar 18 14:23:22 localhost kernel: Performance Events: unsupported p6 CPU model 165 no PMU driver, software events only.
Mar 18 14:23:22 localhost kernel: rcu: Hierarchical SRCU implementation.
Mar 18 14:23:22 localhost kernel: NMI watchdog: Perf NMI watchdog permanently disabled
Mar 18 14:23:22 localhost kernel: smp: Bringing up secondary CPUs ...
Mar 18 14:23:22 localhost kernel: x86: Booting SMP configuration:
Mar 18 14:23:22 localhost kernel: .... node  #0, CPUs:      #1 #2 #3 #4
Mar 18 14:23:22 localhost kernel: smp: Brought up 1 node, 5 CPUs
Mar 18 14:23:22 localhost kernel: smpboot: Max logical packages: 1
Mar 18 14:23:22 localhost kernel: smpboot: Total of 5 processors activated (25920.02 BogoMIPS)
Mar 18 14:23:22 localhost kernel: node 0 deferred pages initialised in 8ms
Mar 18 14:23:22 localhost kernel: devtmpfs: initialized
Mar 18 14:23:22 localhost kernel: x86/mm: Memory block size: 128MB
Mar 18 14:23:22 localhost kernel: clocksource: jiffies: mask: 0xffffffff max_cycles: 0xffffffff, max_idle_ns: 1911260446275000 ns
Mar 18 14:23:22 localhost kernel: futex hash table entries: 2048 (order: 5, 131072 bytes, vmalloc)
Mar 18 14:23:22 localhost kernel: pinctrl core: initialized pinctrl subsystem
Mar 18 14:23:22 localhost kernel: NET: Registered protocol family 16
Mar 18 14:23:22 localhost kernel: DMA: preallocated 1024 KiB GFP_KERNEL pool for atomic allocations
Mar 18 14:23:22 localhost kernel: DMA: preallocated 1024 KiB GFP_KERNEL|GFP_DMA pool for atomic allocations
Mar 18 14:23:22 localhost kernel: DMA: preallocated 1024 KiB GFP_KERNEL|GFP_DMA32 pool for atomic allocations
Mar 18 14:23:22 localhost kernel: audit: initializing netlink subsys (disabled)
Mar 18 14:23:22 localhost kernel: audit: type=2000 audit(1679163813.897:1): state=initialized audit_enabled=0 res=1
Mar 18 14:23:22 localhost kernel: cpuidle: using governor menu
Mar 18 14:23:22 localhost kernel: acpiphp: ACPI Hot Plug PCI Controller Driver version: 0.5
Mar 18 14:23:22 localhost kernel: PCI: Using configuration type 1 for base access
Mar 18 14:23:22 localhost kernel: HugeTLB registered 2.00 MiB page size, pre-allocated 0 pages
Mar 18 14:23:22 localhost kernel: cryptd: max_cpu_qlen set to 1000
Mar 18 14:23:22 localhost kernel: ACPI: Added _OSI(Module Device)
Mar 18 14:23:22 localhost kernel: ACPI: Added _OSI(Processor Device)
Mar 18 14:23:22 localhost kernel: ACPI: Added _OSI(3.0 _SCP Extensions)
Mar 18 14:23:22 localhost kernel: ACPI: Added _OSI(Processor Aggregator Device)
Mar 18 14:23:22 localhost kernel: ACPI: Added _OSI(Linux-Dell-Video)
Mar 18 14:23:22 localhost kernel: ACPI: Added _OSI(Linux-Lenovo-NV-HDMI-Audio)
Mar 18 14:23:22 localhost kernel: ACPI: Added _OSI(Linux-HPI-Hybrid-Graphics)
Mar 18 14:23:22 localhost kernel: ACPI: 2 ACPI AML tables successfully acquired and loaded
Mar 18 14:23:22 localhost kernel: ACPI: Interpreter enabled
Mar 18 14:23:22 localhost kernel: ACPI: PM: (supports S0 S5)
Mar 18 14:23:22 localhost kernel: ACPI: Using IOAPIC for interrupt routing
Mar 18 14:23:22 localhost kernel: PCI: Using host bridge windows from ACPI; if necessary, use "pci=nocrs" and report a bug
Mar 18 14:23:22 localhost kernel: ACPI: Enabled 2 GPEs in block 00 to 07
Mar 18 14:23:22 localhost kernel: ACPI: PCI Root Bridge [PCI0] (domain 0000 [bus 00-ff])
Mar 18 14:23:22 localhost kernel: acpi PNP0A03:00: _OSC: OS supports [ASPM ClockPM Segments MSI EDR HPX-Type3]
Mar 18 14:23:22 localhost kernel: acpi PNP0A03:00: _OSC: not requesting OS control; OS requires [ExtendedConfig ASPM ClockPM MSI]
Mar 18 14:23:22 localhost kernel: acpi PNP0A03:00: fail to add MMCONFIG information, can't access extended PCI configuration space under this bridge.
Mar 18 14:23:22 localhost kernel: PCI host bridge to bus 0000:00
Mar 18 14:23:22 localhost kernel: pci_bus 0000:00: root bus resource [io  0x0000-0x0cf7 window]
Mar 18 14:23:22 localhost kernel: pci_bus 0000:00: root bus resource [io  0x0d00-0xffff window]
Mar 18 14:23:22 localhost kernel: pci_bus 0000:00: root bus resource [mem 0x000a0000-0x000bffff window]
Mar 18 14:23:22 localhost kernel: pci_bus 0000:00: root bus resource [mem 0xe0000000-0xfdffffff window]
Mar 18 14:23:22 localhost kernel: pci_bus 0000:00: root bus resource [bus 00-ff]
Mar 18 14:23:22 localhost kernel: pci 0000:00:00.0: [8086:1237] type 00 class 0x060000
Mar 18 14:23:22 localhost kernel: pci 0000:00:01.0: [8086:7000] type 00 class 0x060100
Mar 18 14:23:22 localhost kernel: pci 0000:00:01.1: [8086:7111] type 00 class 0x01018a
Mar 18 14:23:22 localhost kernel: pci 0000:00:01.1: reg 0x20: [io  0xd000-0xd00f]
Mar 18 14:23:22 localhost kernel: pci 0000:00:01.1: legacy IDE quirk: reg 0x10: [io  0x01f0-0x01f7]
Mar 18 14:23:22 localhost kernel: pci 0000:00:01.1: legacy IDE quirk: reg 0x14: [io  0x03f6]
Mar 18 14:23:22 localhost kernel: pci 0000:00:01.1: legacy IDE quirk: reg 0x18: [io  0x0170-0x0177]
Mar 18 14:23:22 localhost kernel: pci 0000:00:01.1: legacy IDE quirk: reg 0x1c: [io  0x0376]
Mar 18 14:23:22 localhost kernel: pci 0000:00:02.0: [15ad:0405] type 00 class 0x030000
Mar 18 14:23:22 localhost kernel: pci 0000:00:02.0: reg 0x10: [io  0xd010-0xd01f]
Mar 18 14:23:22 localhost kernel: pci 0000:00:02.0: reg 0x14: [mem 0xe0000000-0xe0ffffff pref]
Mar 18 14:23:22 localhost kernel: pci 0000:00:02.0: reg 0x18: [mem 0xf0000000-0xf01fffff]
Mar 18 14:23:22 localhost kernel: pci 0000:00:03.0: [8086:100e] type 00 class 0x020000
Mar 18 14:23:22 localhost kernel: pci 0000:00:03.0: reg 0x10: [mem 0xf0200000-0xf021ffff]
Mar 18 14:23:22 localhost kernel: pci 0000:00:03.0: reg 0x18: [io  0xd020-0xd027]
Mar 18 14:23:22 localhost kernel: pci 0000:00:04.0: [80ee:cafe] type 00 class 0x088000
Mar 18 14:23:22 localhost kernel: pci 0000:00:04.0: reg 0x10: [io  0xd040-0xd05f]
Mar 18 14:23:22 localhost kernel: pci 0000:00:04.0: reg 0x14: [mem 0xf0400000-0xf07fffff]
Mar 18 14:23:22 localhost kernel: pci 0000:00:04.0: reg 0x18: [mem 0xf0800000-0xf0803fff pref]
Mar 18 14:23:22 localhost kernel: pci 0000:00:05.0: [8086:2415] type 00 class 0x040100
Mar 18 14:23:22 localhost kernel: pci 0000:00:05.0: reg 0x10: [io  0xd100-0xd1ff]
Mar 18 14:23:22 localhost kernel: pci 0000:00:05.0: reg 0x14: [io  0xd200-0xd23f]
Mar 18 14:23:22 localhost kernel: pci 0000:00:06.0: [106b:003f] type 00 class 0x0c0310
Mar 18 14:23:22 localhost kernel: pci 0000:00:06.0: reg 0x10: [mem 0xf0804000-0xf0804fff]
Mar 18 14:23:22 localhost kernel: pci 0000:00:07.0: [8086:7113] type 00 class 0x068000
Mar 18 14:23:22 localhost kernel: pci 0000:00:07.0: quirk: [io  0x4000-0x403f] claimed by PIIX4 ACPI
Mar 18 14:23:22 localhost kernel: pci 0000:00:07.0: quirk: [io  0x4100-0x410f] claimed by PIIX4 SMB
Mar 18 14:23:22 localhost kernel: pci 0000:00:08.0: [8086:100e] type 00 class 0x020000
Mar 18 14:23:22 localhost kernel: pci 0000:00:08.0: reg 0x10: [mem 0xf0820000-0xf083ffff]
Mar 18 14:23:22 localhost kernel: pci 0000:00:08.0: reg 0x18: [io  0xd240-0xd247]
Mar 18 14:23:22 localhost kernel: pci 0000:00:0b.0: [8086:265c] type 00 class 0x0c0320
Mar 18 14:23:22 localhost kernel: pci 0000:00:0b.0: reg 0x10: [mem 0xf0840000-0xf0840fff]
Mar 18 14:23:22 localhost kernel: pci 0000:00:0d.0: [8086:2829] type 00 class 0x010601
Mar 18 14:23:22 localhost kernel: pci 0000:00:0d.0: reg 0x10: [io  0xd248-0xd24f]
Mar 18 14:23:22 localhost kernel: pci 0000:00:0d.0: reg 0x14: [io  0xd250-0xd253]
Mar 18 14:23:22 localhost kernel: pci 0000:00:0d.0: reg 0x18: [io  0xd258-0xd25f]
Mar 18 14:23:22 localhost kernel: pci 0000:00:0d.0: reg 0x1c: [io  0xd260-0xd263]
Mar 18 14:23:22 localhost kernel: pci 0000:00:0d.0: reg 0x20: [io  0xd270-0xd27f]
Mar 18 14:23:22 localhost kernel: pci 0000:00:0d.0: reg 0x24: [mem 0xf0842000-0xf0843fff]
Mar 18 14:23:22 localhost kernel: ACPI: PCI: Interrupt link LNKA configured for IRQ 11
Mar 18 14:23:22 localhost kernel: ACPI: PCI: Interrupt link LNKB configured for IRQ 10
Mar 18 14:23:22 localhost kernel: ACPI: PCI: Interrupt link LNKC configured for IRQ 9
Mar 18 14:23:22 localhost kernel: ACPI: PCI: Interrupt link LNKD configured for IRQ 11
Mar 18 14:23:22 localhost kernel: iommu: Default domain type: Passthrough 
Mar 18 14:23:22 localhost kernel: SCSI subsystem initialized
Mar 18 14:23:22 localhost kernel: ACPI: bus type USB registered
Mar 18 14:23:22 localhost kernel: usbcore: registered new interface driver usbfs
Mar 18 14:23:22 localhost kernel: usbcore: registered new interface driver hub
Mar 18 14:23:22 localhost kernel: usbcore: registered new device driver usb
Mar 18 14:23:22 localhost kernel: pps_core: LinuxPPS API ver. 1 registered
Mar 18 14:23:22 localhost kernel: pps_core: Software ver. 5.3.6 - Copyright 2005-2007 Rodolfo Giometti <giometti@linux.it>
Mar 18 14:23:22 localhost kernel: PTP clock support registered
Mar 18 14:23:22 localhost kernel: EDAC MC: Ver: 3.0.0
Mar 18 14:23:22 localhost kernel: PCI: Using ACPI for IRQ routing
Mar 18 14:23:22 localhost kernel: NetLabel: Initializing
Mar 18 14:23:22 localhost kernel: NetLabel:  domain hash size = 128
Mar 18 14:23:22 localhost kernel: NetLabel:  protocols = UNLABELED CIPSOv4 CALIPSO
Mar 18 14:23:22 localhost kernel: NetLabel:  unlabeled traffic allowed by default
Mar 18 14:23:22 localhost kernel: pci 0000:00:02.0: vgaarb: setting as boot VGA device
Mar 18 14:23:22 localhost kernel: pci 0000:00:02.0: vgaarb: VGA device added: decodes=io+mem,owns=io+mem,locks=none
Mar 18 14:23:22 localhost kernel: pci 0000:00:02.0: vgaarb: bridge control possible
Mar 18 14:23:22 localhost kernel: vgaarb: loaded
Mar 18 14:23:22 localhost kernel: clocksource: Switched to clocksource kvm-clock
Mar 18 14:23:22 localhost kernel: VFS: Disk quotas dquot_6.6.0
Mar 18 14:23:22 localhost kernel: VFS: Dquot-cache hash table entries: 512 (order 0, 4096 bytes)
Mar 18 14:23:22 localhost kernel: pnp: PnP ACPI init
Mar 18 14:23:22 localhost kernel: pnp: PnP ACPI: found 2 devices
Mar 18 14:23:22 localhost kernel: clocksource: acpi_pm: mask: 0xffffff max_cycles: 0xffffff, max_idle_ns: 2085701024 ns
Mar 18 14:23:22 localhost kernel: pci_bus 0000:00: resource 4 [io  0x0000-0x0cf7 window]
Mar 18 14:23:22 localhost kernel: pci_bus 0000:00: resource 5 [io  0x0d00-0xffff window]
Mar 18 14:23:22 localhost kernel: pci_bus 0000:00: resource 6 [mem 0x000a0000-0x000bffff window]
Mar 18 14:23:22 localhost kernel: pci_bus 0000:00: resource 7 [mem 0xe0000000-0xfdffffff window]
Mar 18 14:23:22 localhost kernel: NET: Registered protocol family 2
Mar 18 14:23:22 localhost kernel: IP idents hash table entries: 131072 (order: 8, 1048576 bytes, vmalloc)
Mar 18 14:23:22 localhost kernel: tcp_listen_portaddr_hash hash table entries: 4096 (order: 4, 65536 bytes, vmalloc)
Mar 18 14:23:22 localhost kernel: TCP established hash table entries: 65536 (order: 7, 524288 bytes, vmalloc)
Mar 18 14:23:22 localhost kernel: TCP bind hash table entries: 65536 (order: 8, 1048576 bytes, vmalloc)
Mar 18 14:23:22 localhost kernel: TCP: Hash tables configured (established 65536 bind 65536)
Mar 18 14:23:22 localhost kernel: MPTCP token hash table entries: 8192 (order: 5, 196608 bytes, vmalloc)
Mar 18 14:23:22 localhost kernel: UDP hash table entries: 4096 (order: 5, 131072 bytes, vmalloc)
Mar 18 14:23:22 localhost kernel: UDP-Lite hash table entries: 4096 (order: 5, 131072 bytes, vmalloc)
Mar 18 14:23:22 localhost kernel: NET: Registered protocol family 1
Mar 18 14:23:22 localhost kernel: NET: Registered protocol family 44
Mar 18 14:23:22 localhost kernel: pci 0000:00:00.0: Limiting direct PCI/PCI transfers
Mar 18 14:23:22 localhost kernel: pci 0000:00:01.0: Activating ISA DMA hang workarounds
Mar 18 14:23:22 localhost kernel: pci 0000:00:02.0: Video device with shadowed ROM at [mem 0x000c0000-0x000dffff]
Mar 18 14:23:22 localhost kernel: PCI: CLS 0 bytes, default 64
Mar 18 14:23:22 localhost kernel: Unpacking initramfs...
Mar 18 14:23:22 localhost kernel: Freeing initrd memory: 52180K
Mar 18 14:23:22 localhost kernel: PCI-DMA: Using software bounce buffering for IO (SWIOTLB)
Mar 18 14:23:22 localhost kernel: software IO TLB: mapped [mem 0x00000000cf000000-0x00000000d3000000] (64MB)
Mar 18 14:23:22 localhost kernel: ACPI: bus type thunderbolt registered
Mar 18 14:23:22 localhost kernel: clocksource: tsc: mask: 0xffffffffffffffff max_cycles: 0x255cb8d7d74, max_idle_ns: 440795265546 ns
Mar 18 14:23:22 localhost kernel: clocksource: Switched to clocksource tsc
Mar 18 14:23:22 localhost kernel: platform rtc_cmos: registered platform RTC device (no PNP device found)
Mar 18 14:23:22 localhost kernel: Initialise system trusted keyrings
Mar 18 14:23:22 localhost kernel: Key type blacklist registered
Mar 18 14:23:22 localhost kernel: workingset: timestamp_bits=36 max_order=21 bucket_order=0
Mar 18 14:23:22 localhost kernel: zbud: loaded
Mar 18 14:23:22 localhost kernel: pstore: using deflate compression
Mar 18 14:23:22 localhost kernel: Platform Keyring initialized
Mar 18 14:23:22 localhost kernel: NET: Registered protocol family 38
Mar 18 14:23:22 localhost kernel: Key type asymmetric registered
Mar 18 14:23:22 localhost kernel: Asymmetric key parser 'x509' registered
Mar 18 14:23:22 localhost kernel: Block layer SCSI generic (bsg) driver version 0.4 loaded (major 247)
Mar 18 14:23:22 localhost kernel: io scheduler mq-deadline registered
Mar 18 14:23:22 localhost kernel: io scheduler kyber registered
Mar 18 14:23:22 localhost kernel: io scheduler bfq registered
Mar 18 14:23:22 localhost kernel: atomic64_test: passed for x86-64 platform with CX8 and with SSE
Mar 18 14:23:22 localhost kernel: shpchp: Standard Hot Plug PCI Controller Driver version: 0.4
Mar 18 14:23:22 localhost kernel: ACPI: AC Adapter [AC] (off-line)
Mar 18 14:23:22 localhost kernel: input: Power Button as /devices/LNXSYSTM:00/LNXPWRBN:00/input/input0
Mar 18 14:23:22 localhost kernel: ACPI: Power Button [PWRF]
Mar 18 14:23:22 localhost kernel: input: Sleep Button as /devices/LNXSYSTM:00/LNXSLPBN:00/input/input1
Mar 18 14:23:22 localhost kernel: ACPI: Sleep Button [SLPF]
Mar 18 14:23:22 localhost kernel: Serial: 8250/16550 driver, 4 ports, IRQ sharing enabled
Mar 18 14:23:22 localhost kernel: Non-volatile memory driver v1.3
Mar 18 14:23:22 localhost kernel: battery: ACPI: Battery Slot [BAT0] (battery present)
Mar 18 14:23:22 localhost kernel: rdac: device handler registered
Mar 18 14:23:22 localhost kernel: hp_sw: device handler registered
Mar 18 14:23:22 localhost kernel: emc: device handler registered
Mar 18 14:23:22 localhost kernel: alua: device handler registered
Mar 18 14:23:22 localhost kernel: libphy: Fixed MDIO Bus: probed
Mar 18 14:23:22 localhost kernel: ehci_hcd: USB 2.0 'Enhanced' Host Controller (EHCI) Driver
Mar 18 14:23:22 localhost kernel: ehci-pci: EHCI PCI platform driver
Mar 18 14:23:22 localhost kernel: ehci-pci 0000:00:0b.0: EHCI Host Controller
Mar 18 14:23:22 localhost kernel: ehci-pci 0000:00:0b.0: new USB bus registered, assigned bus number 1
Mar 18 14:23:22 localhost kernel: ehci-pci 0000:00:0b.0: irq 19, io mem 0xf0840000
Mar 18 14:23:22 localhost kernel: ehci-pci 0000:00:0b.0: USB 2.0 started, EHCI 1.00
Mar 18 14:23:22 localhost kernel: usb usb1: New USB device found, idVendor=1d6b, idProduct=0002, bcdDevice= 4.18
Mar 18 14:23:22 localhost kernel: usb usb1: New USB device strings: Mfr=3, Product=2, SerialNumber=1
Mar 18 14:23:22 localhost kernel: usb usb1: Product: EHCI Host Controller
Mar 18 14:23:22 localhost kernel: usb usb1: Manufacturer: Linux 4.18.0-425.3.1.el8.x86_64 ehci_hcd
Mar 18 14:23:22 localhost kernel: usb usb1: SerialNumber: 0000:00:0b.0
Mar 18 14:23:22 localhost kernel: hub 1-0:1.0: USB hub found
Mar 18 14:23:22 localhost kernel: hub 1-0:1.0: 12 ports detected
Mar 18 14:23:22 localhost kernel: ohci_hcd: USB 1.1 'Open' Host Controller (OHCI) Driver
Mar 18 14:23:22 localhost kernel: ohci-pci: OHCI PCI platform driver
Mar 18 14:23:22 localhost kernel: ohci-pci 0000:00:06.0: OHCI PCI host controller
Mar 18 14:23:22 localhost kernel: ohci-pci 0000:00:06.0: new USB bus registered, assigned bus number 2
Mar 18 14:23:22 localhost kernel: ohci-pci 0000:00:06.0: irq 22, io mem 0xf0804000
Mar 18 14:23:22 localhost kernel: usb usb2: New USB device found, idVendor=1d6b, idProduct=0001, bcdDevice= 4.18
Mar 18 14:23:22 localhost kernel: usb usb2: New USB device strings: Mfr=3, Product=2, SerialNumber=1
Mar 18 14:23:22 localhost kernel: usb usb2: Product: OHCI PCI host controller
Mar 18 14:23:22 localhost kernel: usb usb2: Manufacturer: Linux 4.18.0-425.3.1.el8.x86_64 ohci_hcd
Mar 18 14:23:22 localhost kernel: usb usb2: SerialNumber: 0000:00:06.0
Mar 18 14:23:22 localhost kernel: hub 2-0:1.0: USB hub found
Mar 18 14:23:22 localhost kernel: hub 2-0:1.0: 12 ports detected
Mar 18 14:23:22 localhost kernel: uhci_hcd: USB Universal Host Controller Interface driver
Mar 18 14:23:22 localhost kernel: usbcore: registered new interface driver usbserial_generic
Mar 18 14:23:22 localhost kernel: usbserial: USB Serial support registered for generic
Mar 18 14:23:22 localhost kernel: i8042: PNP: PS/2 Controller [PNP0303:PS2K,PNP0f03:PS2M] at 0x60,0x64 irq 1,12
Mar 18 14:23:22 localhost kernel: serio: i8042 KBD port at 0x60,0x64 irq 1
Mar 18 14:23:22 localhost kernel: serio: i8042 AUX port at 0x60,0x64 irq 12
Mar 18 14:23:22 localhost kernel: mousedev: PS/2 mouse device common for all mice
Mar 18 14:23:22 localhost kernel: rtc_cmos rtc_cmos: registered as rtc0
Mar 18 14:23:22 localhost kernel: rtc_cmos rtc_cmos: alarms up to one day, 114 bytes nvram
Mar 18 14:23:22 localhost kernel: intel_pstate: CPU model not supported
Mar 18 14:23:22 localhost kernel: hid: raw HID events driver (C) Jiri Kosina
Mar 18 14:23:22 localhost kernel: input: AT Translated Set 2 keyboard as /devices/platform/i8042/serio0/input/input2
Mar 18 14:23:22 localhost kernel: usbcore: registered new interface driver usbhid
Mar 18 14:23:22 localhost kernel: usbhid: USB HID core driver
Mar 18 14:23:22 localhost kernel: drop_monitor: Initializing network drop monitor service
Mar 18 14:23:22 localhost kernel: Initializing XFRM netlink socket
Mar 18 14:23:22 localhost kernel: NET: Registered protocol family 10
Mar 18 14:23:22 localhost kernel: Segment Routing with IPv6
Mar 18 14:23:22 localhost kernel: NET: Registered protocol family 17
Mar 18 14:23:22 localhost kernel: mpls_gso: MPLS GSO support
Mar 18 14:23:22 localhost kernel: AVX2 version of gcm_enc/dec engaged.
Mar 18 14:23:22 localhost kernel: AES CTR mode by8 optimization enabled
Mar 18 14:23:22 localhost kernel: sched_clock: Marking stable (1563381050, 0)->(2220226546, -656845496)
Mar 18 14:23:22 localhost kernel: registered taskstats version 1
Mar 18 14:23:22 localhost kernel: Loading compiled-in X.509 certificates
Mar 18 14:23:22 localhost kernel: Loaded X.509 cert 'Rocky kernel signing key: f13c0d32dccea13ce61bc2b600f7300855fd3c5d'
Mar 18 14:23:22 localhost kernel: Loaded X.509 cert 'Rocky Enterprise Software Foundation: Rocky Linux Driver Update Signing Cert: b3c94fccbae32745b11dcd9a9a3926acfcef2540'
Mar 18 14:23:22 localhost kernel: Loaded X.509 cert 'Rocky Enterprise Software Foundation: Rocky Linux kpatch Signing Cert: 7392f78c54ed85dfb1391b46b23a14dd29fc7514'
Mar 18 14:23:22 localhost kernel: zswap: loaded using pool lzo/zbud
Mar 18 14:23:22 localhost kernel: page_owner is disabled
Mar 18 14:23:22 localhost kernel: Key type big_key registered
Mar 18 14:23:22 localhost kernel: Key type encrypted registered
Mar 18 14:23:22 localhost kernel: ima: No TPM chip found, activating TPM-bypass!
Mar 18 14:23:22 localhost kernel: ima: Allocated hash algorithm: sha256
Mar 18 14:23:22 localhost kernel: ima: No architecture policies found
Mar 18 14:23:22 localhost kernel: evm: Initialising EVM extended attributes:
Mar 18 14:23:22 localhost kernel: evm: security.selinux
Mar 18 14:23:22 localhost kernel: evm: security.ima
Mar 18 14:23:22 localhost kernel: evm: security.capability
Mar 18 14:23:22 localhost kernel: evm: HMAC attrs: 0x1
Mar 18 14:23:22 localhost kernel: rtc_cmos rtc_cmos: setting system clock to 2023-03-18 18:23:22 UTC (1679163802)
Mar 18 14:23:22 localhost kernel: input: ImExPS/2 Generic Explorer Mouse as /devices/platform/i8042/serio1/input/input4
Mar 18 14:23:22 localhost kernel: Freeing unused decrypted memory: 2036K
Mar 18 14:23:22 localhost kernel: Freeing unused kernel image (initmem) memory: 2552K
Mar 18 14:23:22 localhost kernel: Write protecting the kernel read-only data: 24576k
Mar 18 14:23:22 localhost kernel: Freeing unused kernel image (text/rodata gap) memory: 2012K
Mar 18 14:23:22 localhost kernel: Freeing unused kernel image (rodata/data gap) memory: 1860K
Mar 18 14:23:22 localhost systemd[1]: systemd 239 (239-68.el8) running in system mode. (+PAM +AUDIT +SELINUX +IMA -APPARMOR +SMACK +SYSVINIT +UTMP +LIBCRYPTSETUP +GCRYPT +GNUTLS +ACL +XZ +LZ4 +SECCOMP +BLKID +ELFUTILS +KMOD +IDN2 -IDN +PCRE2 default-hierarchy=legacy)
Mar 18 14:23:22 localhost systemd[1]: Detected virtualization oracle.
Mar 18 14:23:22 localhost systemd[1]: Detected architecture x86-64.
Mar 18 14:23:22 localhost systemd[1]: Running in initial RAM disk.
Mar 18 14:23:22 localhost systemd[1]: Set hostname to <localhost.localdomain>.
Mar 18 14:23:22 localhost systemd[1]: Created slice system-systemd\x2dhibernate\x2dresume.slice.
Mar 18 14:23:22 localhost systemd[1]: Listening on Journal Socket (/dev/log).
Mar 18 14:23:22 localhost systemd[1]: Reached target Swap.
Mar 18 14:23:22 localhost systemd[1]: Listening on udev Control Socket.
Mar 18 14:23:22 localhost systemd[1]: Listening on udev Kernel Socket.
Mar 18 14:23:22 localhost kernel: fuse: init (API version 7.33)
Mar 18 14:23:22 localhost systemd-journald[324]: Journal started
Mar 18 14:23:22 localhost systemd-journald[324]: Runtime journal (/run/log/journal/b0dec76ffede419cadcb97310e58bd9a) is 8.0M, max 388.1M, 380.1M free.
Mar 18 14:23:22 localhost systemd-modules-load[331]: Inserted module 'fuse'
Mar 18 14:23:22 localhost systemd-modules-load[331]: Module 'msr' is builtin
Mar 18 14:23:22 localhost systemd-sysctl[345]: Couldn't write '1' to 'vm/unprivileged_userfaultfd', ignoring: No such file or directory
Mar 18 14:23:22 localhost systemd[1]: systemd-vconsole-setup.service: Succeeded.
Mar 18 14:23:22 localhost systemd[1]: Started Setup Virtual Console.
Mar 18 14:23:22 localhost systemd[1]: Starting dracut cmdline hook...
Mar 18 14:23:22 localhost dracut-cmdline[357]: dracut-8.7 (Green Obsidian) dracut-049-209.git20220815.el8
Mar 18 14:23:22 localhost dracut-cmdline[357]: Using kernel command line parameters: BOOT_IMAGE=(hd0,msdos1)/vmlinuz-4.18.0-425.3.1.el8.x86_64 root=/dev/mapper/rl-root ro crashkernel=auto resume=/dev/mapper/rl-swap rd.lvm.lv=rl/root rd.lvm.lv=rl/swap rhgb quiet
Mar 18 14:23:22 localhost systemd[1]: Started dracut cmdline hook.
Mar 18 14:23:22 localhost systemd[1]: Starting dracut pre-udev hook...
Mar 18 14:23:22 localhost kernel: device-mapper: uevent: version 1.0.3
Mar 18 14:23:22 localhost kernel: device-mapper: ioctl: 4.46.0-ioctl (2022-02-22) initialised: dm-devel@redhat.com
Mar 18 14:23:22 localhost systemd[1]: Started dracut pre-udev hook.
Mar 18 14:23:22 localhost systemd[1]: Starting udev Kernel Device Manager...
Mar 18 14:23:22 localhost systemd[1]: Started udev Kernel Device Manager.
Mar 18 14:23:22 localhost systemd[1]: Starting udev Coldplug all Devices...
Mar 18 14:23:23 localhost systemd[1]: Mounting Kernel Configuration File System...
Mar 18 14:23:23 localhost systemd[1]: Mounted Kernel Configuration File System.
Mar 18 14:23:23 localhost systemd[1]: Started udev Coldplug all Devices.
Mar 18 14:23:23 localhost systemd[1]: Starting dracut initqueue hook...
Mar 18 14:23:23 localhost systemd[1]: Starting Show Plymouth Boot Screen...
Mar 18 14:23:23 localhost kernel: e1000: Intel(R) PRO/1000 Network Driver - version 7.3.21-k8-NAPI
Mar 18 14:23:23 localhost kernel: e1000: Copyright (c) 1999-2006 Intel Corporation.
Mar 18 14:23:23 localhost kernel: Warning: Unmaintained hardware is detected:  e1000:100E:8086 @ 0000:00:03.0
Mar 18 14:23:23 localhost kernel: scsi host0: ata_piix
Mar 18 14:23:23 localhost kernel: scsi host1: ata_piix
Mar 18 14:23:23 localhost kernel: ata1: PATA max UDMA/33 cmd 0x1f0 ctl 0x3f6 bmdma 0xd000 irq 14
Mar 18 14:23:23 localhost kernel: ata2: PATA max UDMA/33 cmd 0x170 ctl 0x376 bmdma 0xd008 irq 15
Mar 18 14:23:23 localhost kernel: ahci 0000:00:0d.0: SSS flag set, parallel bus scan disabled
Mar 18 14:23:23 localhost kernel: ahci 0000:00:0d.0: AHCI 0001.0100 32 slots 1 ports 3 Gbps 0x1 impl SATA mode
Mar 18 14:23:23 localhost kernel: ahci 0000:00:0d.0: flags: 64bit ncq stag only ccc 
Mar 18 14:23:23 localhost kernel: scsi host2: ahci
Mar 18 14:23:23 localhost kernel: ata3: SATA max UDMA/133 abar m8192@0xf0842000 port 0xf0842100 irq 21
Mar 18 14:23:23 localhost kernel: ACPI: bus type drm_connector registered
Mar 18 14:23:23 localhost systemd[1]: Received SIGRTMIN+20 from PID 519 (plymouthd).
Mar 18 14:23:23 localhost systemd[1]: Started Show Plymouth Boot Screen.
Mar 18 14:23:23 localhost systemd[1]: Started Forward Password Requests to Plymouth Directory Watch.
Mar 18 14:23:23 localhost systemd[1]: Reached target Paths.
Mar 18 14:23:23 localhost systemd-udevd[484]: link_config: autonegotiation is unset or enabled, the speed and duplex are not writable.
Mar 18 14:23:23 localhost kernel: vmwgfx 0000:00:02.0: vgaarb: deactivate vga console
Mar 18 14:23:23 localhost kernel: Console: switching to colour dummy device 80x25
Mar 18 14:23:23 localhost kernel: vmwgfx 0000:00:02.0: [drm] FIFO at 0x00000000f0000000 size is 2048 kiB
Mar 18 14:23:23 localhost kernel: vmwgfx 0000:00:02.0: [drm] VRAM at 0x00000000e0000000 size is 16384 kiB
Mar 18 14:23:23 localhost kernel: vmwgfx 0000:00:02.0: [drm] Running on SVGA version 2.
Mar 18 14:23:23 localhost kernel: vmwgfx 0000:00:02.0: [drm] DMA map mode: Caching DMA mappings.
Mar 18 14:23:23 localhost kernel: vmwgfx 0000:00:02.0: [drm] Legacy memory limits: VRAM = 16384 kB, FIFO = 2048 kB, surface = 507904 kB
Mar 18 14:23:23 localhost kernel: vmwgfx 0000:00:02.0: [drm] MOB limits: max mob size = 0 kB, max mob pages = 0
Mar 18 14:23:23 localhost kernel: vmwgfx 0000:00:02.0: [drm] Capabilities: rect copy, cursor, cursor bypass, cursor bypass 2, alpha cursor, extended fifo, pitchlock, irq mask, gmr, traces, gmr2, screen object 2, command buffers, 
Mar 18 14:23:23 localhost kernel: vmwgfx 0000:00:02.0: [drm] Max GMR ids is 8192
Mar 18 14:23:23 localhost kernel: vmwgfx 0000:00:02.0: [drm] Max number of GMR pages is 1048576
Mar 18 14:23:23 localhost kernel: vmwgfx 0000:00:02.0: [drm] Maximum display memory size is 16384 kiB
Mar 18 14:23:23 localhost kernel: vmwgfx 0000:00:02.0: [drm] Screen Object display unit initialized
Mar 18 14:23:23 localhost kernel: vmwgfx 0000:00:02.0: [drm] Fifo max 0x00200000 min 0x00001000 cap 0x00000355
Mar 18 14:23:23 localhost kernel: vmwgfx 0000:00:02.0: [drm] Using command buffers with DMA pool.
Mar 18 14:23:23 localhost kernel: vmwgfx 0000:00:02.0: [drm] Available shader model: Legacy.
Mar 18 14:23:23 localhost kernel: [drm:vmw_host_printf [vmwgfx]] *ERROR* Failed to send host log message.
Mar 18 14:23:23 localhost kernel: fbcon: svgadrmfb (fb0) is primary device
Mar 18 14:23:23 localhost kernel: Console: switching to colour frame buffer device 100x37
Mar 18 14:23:23 localhost kernel: [drm] Initialized vmwgfx 2.20.0 20211206 for 0000:00:02.0 on minor 0
Mar 18 14:23:23 localhost kernel: ata2.00: ATAPI: VBOX CD-ROM, 1.0, max UDMA/133
Mar 18 14:23:23 localhost kernel: scsi 1:0:0:0: CD-ROM            VBOX     CD-ROM           1.0  PQ: 0 ANSI: 5
Mar 18 14:23:23 localhost kernel: ata3: SATA link up 3.0 Gbps (SStatus 123 SControl 300)
Mar 18 14:23:23 localhost kernel: ata3.00: ATA-6: VBOX HARDDISK, 1.0, max UDMA/133
Mar 18 14:23:23 localhost kernel: ata3.00: 107212416 sectors, multi 128: LBA48 NCQ (depth 32)
Mar 18 14:23:23 localhost kernel: ata3.00: configured for UDMA/133
Mar 18 14:23:23 localhost kernel: scsi 2:0:0:0: Direct-Access     ATA      VBOX HARDDISK    1.0  PQ: 0 ANSI: 5
Mar 18 14:23:23 localhost kernel: scsi 1:0:0:0: Attached scsi generic sg0 type 5
Mar 18 14:23:23 localhost kernel: scsi 2:0:0:0: Attached scsi generic sg1 type 0
Mar 18 14:23:23 localhost kernel: sr 1:0:0:0: [sr0] scsi3-mmc drive: 32x/32x xa/form2 tray
Mar 18 14:23:23 localhost kernel: cdrom: Uniform CD-ROM driver Revision: 3.20
Mar 18 14:23:23 localhost kernel: sd 2:0:0:0: [sda] 107212416 512-byte logical blocks: (54.9 GB/51.1 GiB)
Mar 18 14:23:23 localhost kernel: sd 2:0:0:0: [sda] Write Protect is off
Mar 18 14:23:23 localhost kernel: sd 2:0:0:0: [sda] Write cache: enabled, read cache: enabled, doesn't support DPO or FUA
Mar 18 14:23:23 localhost kernel: sda: sda1 sda2
Mar 18 14:23:23 localhost kernel: sd 2:0:0:0: [sda] Attached SCSI disk
Mar 18 14:23:23 localhost kernel: e1000 0000:00:03.0 eth0: (PCI:33MHz:32-bit) 08:00:27:a1:72:6c
Mar 18 14:23:23 localhost kernel: e1000 0000:00:03.0 eth0: Intel(R) PRO/1000 Network Connection
Mar 18 14:23:23 localhost kernel: Warning: Unmaintained hardware is detected:  e1000:100E:8086 @ 0000:00:08.0
Mar 18 14:23:24 localhost kernel: e1000 0000:00:08.0 eth1: (PCI:33MHz:32-bit) 08:00:27:94:a2:4a
Mar 18 14:23:24 localhost kernel: e1000 0000:00:08.0 eth1: Intel(R) PRO/1000 Network Connection
Mar 18 14:23:24 localhost systemd-udevd[499]: Using default interface naming scheme 'rhel-8.0'.
Mar 18 14:23:24 localhost systemd-udevd[500]: Using default interface naming scheme 'rhel-8.0'.
Mar 18 14:23:24 localhost systemd-udevd[499]: link_config: autonegotiation is unset or enabled, the speed and duplex are not writable.
Mar 18 14:23:24 localhost systemd-udevd[500]: link_config: autonegotiation is unset or enabled, the speed and duplex are not writable.
Mar 18 14:23:24 localhost kernel: e1000 0000:00:08.0 enp0s8: renamed from eth1
Mar 18 14:23:24 localhost kernel: e1000 0000:00:03.0 enp0s3: renamed from eth0
Mar 18 14:23:24 localhost dracut-initqueue[585]: Scanning devices sda2  for LVM logical volumes rl/root rl/swap
Mar 18 14:23:24 localhost dracut-initqueue[610]: inactive '/dev/rl/swap' [5.11 GiB] inherit
Mar 18 14:23:24 localhost dracut-initqueue[610]: inactive '/dev/rl/home' [14.76 GiB] inherit
Mar 18 14:23:24 localhost dracut-initqueue[610]: inactive '/dev/rl/root' [30.24 GiB] inherit
Mar 18 14:23:24 localhost systemd[1]: Found device /dev/mapper/rl-root.
Mar 18 14:23:24 localhost systemd[1]: Reached target Initrd Root Device.
Mar 18 14:23:25 localhost systemd[1]: Found device /dev/mapper/rl-swap.
Mar 18 14:23:25 localhost systemd[1]: Starting Resume from hibernation using device /dev/mapper/rl-swap...
Mar 18 14:23:25 localhost systemd-hibernate-resume[629]: Could not resume from '/dev/mapper/rl-swap' (253:1).
Mar 18 14:23:25 localhost systemd[1]: systemd-hibernate-resume@dev-mapper-rl\x2dswap.service: Succeeded.
Mar 18 14:23:25 localhost systemd[1]: Started Resume from hibernation using device /dev/mapper/rl-swap.
Mar 18 14:23:25 localhost systemd[1]: Reached target Local File Systems (Pre).
Mar 18 14:23:25 localhost systemd[1]: Reached target Local File Systems.
Mar 18 14:23:25 localhost systemd[1]: Starting Create Volatile Files and Directories...
Mar 18 14:23:25 localhost systemd[1]: Started Create Volatile Files and Directories.
Mar 18 14:23:25 localhost systemd[1]: Reached target System Initialization.
Mar 18 14:23:25 localhost systemd[1]: Reached target Basic System.
Mar 18 14:23:25 localhost systemd[1]: Started dracut initqueue hook.
Mar 18 14:23:25 localhost systemd[1]: Reached target Remote File Systems (Pre).
Mar 18 14:23:25 localhost systemd[1]: Reached target Remote File Systems.
Mar 18 14:23:25 localhost systemd[1]: Starting File System Check on /dev/mapper/rl-root...
Mar 18 14:23:25 localhost systemd-fsck[642]: /usr/sbin/fsck.xfs: XFS file system.
Mar 18 14:23:25 localhost systemd[1]: Started File System Check on /dev/mapper/rl-root.
Mar 18 14:23:25 localhost systemd[1]: Mounting /sysroot...
Mar 18 14:23:25 localhost kernel: SGI XFS with ACLs, security attributes, quota, no debug enabled
Mar 18 14:23:25 localhost kernel: XFS (dm-0): Mounting V5 Filesystem
Mar 18 14:23:25 localhost kernel: XFS (dm-0): Ending clean mount
Mar 18 14:23:25 localhost systemd[1]: Mounted /sysroot.
Mar 18 14:23:25 localhost systemd[1]: Reached target Initrd Root File System.
Mar 18 14:23:25 localhost systemd[1]: Starting Reload Configuration from the Real Root...
Mar 18 14:23:25 localhost systemd[1]: Reloading.
Mar 18 14:23:26 localhost systemd[1]: initrd-parse-etc.service: Succeeded.
Mar 18 14:23:26 localhost systemd[1]: Started Reload Configuration from the Real Root.
Mar 18 14:23:26 localhost systemd[1]: Reached target Initrd File Systems.
Mar 18 14:23:26 localhost systemd[1]: Reached target Initrd Default Target.
Mar 18 14:23:26 localhost systemd[1]: Starting dracut pre-pivot and cleanup hook...
Mar 18 14:23:26 localhost systemd[1]: Started dracut pre-pivot and cleanup hook.
Mar 18 14:23:26 localhost systemd[1]: Starting Cleaning Up and Shutting Down Daemons...
Mar 18 14:23:26 localhost systemd[1]: Starting Setup Virtual Console...
Mar 18 14:23:26 localhost systemd[1]: Stopped target Timers.
Mar 18 14:23:26 localhost systemd[1]: dracut-pre-pivot.service: Succeeded.
Mar 18 14:23:26 localhost systemd[1]: Stopped dracut pre-pivot and cleanup hook.
Mar 18 14:23:26 localhost systemd[1]: Stopped target Initrd Default Target.
Mar 18 14:23:26 localhost systemd[1]: Stopped target Initrd Root Device.
Mar 18 14:23:26 localhost systemd[1]: Stopped target Basic System.
Mar 18 14:23:26 localhost systemd[1]: Stopped target Paths.
Mar 18 14:23:26 localhost systemd[1]: Stopped target System Initialization.
Mar 18 14:23:26 localhost systemd[1]: systemd-tmpfiles-setup.service: Succeeded.
Mar 18 14:23:26 localhost systemd[1]: Stopped Create Volatile Files and Directories.
Mar 18 14:23:26 localhost systemd[1]: systemd-sysctl.service: Succeeded.
Mar 18 14:23:26 localhost systemd[1]: Stopped Apply Kernel Variables.
Mar 18 14:23:26 localhost systemd[1]: systemd-modules-load.service: Succeeded.
Mar 18 14:23:26 localhost systemd[1]: Stopped Load Kernel Modules.
Mar 18 14:23:26 localhost systemd[1]: Stopped target Local File Systems.
Mar 18 14:23:26 localhost systemd[1]: Stopped target Local File Systems (Pre).
Mar 18 14:23:26 localhost systemd[1]: Stopped target Swap.
Mar 18 14:23:26 localhost systemd[1]: Stopping udev Kernel Device Manager...
Mar 18 14:23:26 localhost systemd[1]: Stopped target Slices.
Mar 18 14:23:26 localhost systemd[1]: Stopped target Sockets.
Mar 18 14:23:26 localhost systemd[1]: Stopped target Remote File Systems.
Mar 18 14:23:26 localhost systemd[1]: Stopped target Remote File Systems (Pre).
Mar 18 14:23:26 localhost systemd[1]: dracut-initqueue.service: Succeeded.
Mar 18 14:23:26 localhost systemd[1]: Stopped dracut initqueue hook.
Mar 18 14:23:26 localhost systemd[1]: systemd-udev-trigger.service: Succeeded.
Mar 18 14:23:26 localhost systemd[1]: Stopped udev Coldplug all Devices.
Mar 18 14:23:26 localhost systemd[1]: Starting Plymouth switch root service...
Mar 18 14:23:26 localhost systemd[1]: initrd-cleanup.service: Succeeded.
Mar 18 14:23:26 localhost systemd[1]: Started Cleaning Up and Shutting Down Daemons.
Mar 18 14:23:26 localhost systemd[1]: systemd-udevd.service: Succeeded.
Mar 18 14:23:26 localhost systemd[1]: Stopped udev Kernel Device Manager.
Mar 18 14:23:26 localhost systemd[1]: dracut-pre-udev.service: Succeeded.
Mar 18 14:23:26 localhost systemd[1]: Stopped dracut pre-udev hook.
Mar 18 14:23:26 localhost systemd[1]: dracut-cmdline.service: Succeeded.
Mar 18 14:23:26 localhost systemd[1]: Stopped dracut cmdline hook.
Mar 18 14:23:26 localhost systemd[1]: systemd-tmpfiles-setup-dev.service: Succeeded.
Mar 18 14:23:26 localhost systemd[1]: Stopped Create Static Device Nodes in /dev.
Mar 18 14:23:26 localhost systemd[1]: kmod-static-nodes.service: Succeeded.
Mar 18 14:23:26 localhost systemd[1]: Stopped Create list of required static device nodes for the current kernel.
Mar 18 14:23:26 localhost systemd[1]: systemd-udevd-kernel.socket: Succeeded.
Mar 18 14:23:26 localhost systemd[1]: Closed udev Kernel Socket.
Mar 18 14:23:26 localhost systemd[1]: systemd-udevd-control.socket: Succeeded.
Mar 18 14:23:26 localhost systemd[1]: Closed udev Control Socket.
Mar 18 14:23:26 localhost systemd[1]: Starting Cleanup udevd DB...
Mar 18 14:23:26 localhost systemd[1]: initrd-udevadm-cleanup-db.service: Succeeded.
Mar 18 14:23:26 localhost systemd[1]: Started Cleanup udevd DB.
Mar 18 14:23:26 localhost systemd-vconsole-setup[718]: KD_FONT_OP_GET failed while trying to get the font metadata: Invalid argument
Mar 18 14:23:26 localhost systemd-vconsole-setup[718]: Fonts will not be copied to remaining consoles
Mar 18 14:23:26 localhost systemd[1]: systemd-vconsole-setup.service: Succeeded.
Mar 18 14:23:26 localhost systemd[1]: Started Setup Virtual Console.
Mar 18 14:23:26 localhost systemd[1]: Reached target Switch Root.
Mar 18 14:23:26 localhost systemd[1]: Started Plymouth switch root service.
Mar 18 14:23:26 localhost systemd[1]: Starting Switch Root...
Mar 18 14:23:26 localhost systemd[1]: Switching root.
Mar 18 14:23:26 localhost systemd-journald[324]: Journal stopped
Mar 18 14:23:35 localhost kernel: printk: systemd: 17 output lines suppressed due to ratelimiting
Mar 18 14:23:35 localhost kernel: audit: type=1404 audit(1679163808.264:2): enforcing=1 old_enforcing=0 auid=4294967295 ses=4294967295 enabled=1 old-enabled=1 lsm=selinux res=1
Mar 18 14:23:35 localhost kernel: SELinux:  policy capability network_peer_controls=1
Mar 18 14:23:35 localhost kernel: SELinux:  policy capability open_perms=1
Mar 18 14:23:35 localhost kernel: SELinux:  policy capability extended_socket_class=1
Mar 18 14:23:35 localhost kernel: SELinux:  policy capability always_check_network=0
Mar 18 14:23:35 localhost kernel: SELinux:  policy capability cgroup_seclabel=1
Mar 18 14:23:35 localhost kernel: SELinux:  policy capability nnp_nosuid_transition=1
Mar 18 14:23:35 localhost kernel: audit: type=1403 audit(1679163808.764:3): auid=4294967295 ses=4294967295 lsm=selinux res=1
Mar 18 14:23:35 localhost systemd[1]: Successfully loaded SELinux policy in 565.813ms.
Mar 18 14:23:35 localhost systemd[1]: Relabelled /dev, /run and /sys/fs/cgroup in 58.330ms.
Mar 18 14:23:35 localhost systemd[1]: systemd 239 (239-68.el8) running in system mode. (+PAM +AUDIT +SELINUX +IMA -APPARMOR +SMACK +SYSVINIT +UTMP +LIBCRYPTSETUP +GCRYPT +GNUTLS +ACL +XZ +LZ4 +SECCOMP +BLKID +ELFUTILS +KMOD +IDN2 -IDN +PCRE2 default-hierarchy=legacy)
Mar 18 14:23:35 localhost systemd[1]: Detected virtualization oracle.
Mar 18 14:23:35 localhost systemd[1]: Detected architecture x86-64.
Mar 18 14:23:35 localhost systemd[1]: Set hostname to <localhost.localdomain>.
Mar 18 14:23:35 localhost systemd[1]: /usr/lib/systemd/system/irqbalance.service:6: Unknown lvalue 'ConditionCPUs' in section 'Unit'
Mar 18 14:23:35 localhost systemd[1]: systemd-journald.service: Succeeded.
Mar 18 14:23:35 localhost systemd[1]: initrd-switch-root.service: Succeeded.
Mar 18 14:23:35 localhost systemd[1]: Stopped Switch Root.
Mar 18 14:23:35 localhost systemd[1]: systemd-journald.service: Service has no hold-off time (RestartSec=0), scheduling restart.
Mar 18 14:23:35 localhost systemd[1]: systemd-journald.service: Scheduled restart job, restart counter is at 1.
Mar 18 14:23:35 localhost systemd[1]: Stopped Journal Service.
Mar 18 14:23:35 localhost systemd[1]: Starting Journal Service...
Mar 18 14:23:35 localhost systemd[1]: Started Forward Password Requests to Wall Directory Watch.
Mar 18 14:23:35 localhost systemd[1]: Starting Read and set NIS domainname from /etc/sysconfig/network...
Mar 18 14:23:35 localhost systemd-journald[755]: Journal started
Mar 18 14:23:35 localhost systemd-journald[755]: Runtime journal (/run/log/journal/b0dec76ffede419cadcb97310e58bd9a) is 8.0M, max 388.1M, 380.1M free.
Mar 18 14:23:35 localhost kernel: Adding 5361660k swap on /dev/mapper/rl-swap.  Priority:-2 extents:1 across:5361660k FS
Mar 18 14:23:35 localhost systemd[1]: Started Read and set NIS domainname from /etc/sysconfig/network.
Mar 18 14:23:35 localhost systemd[1]: Mounted Huge Pages File System.
Mar 18 14:23:35 localhost systemd[1]: Mounted Kernel Debug File System.
Mar 18 14:23:35 localhost systemd[1]: Mounted POSIX Message Queue File System.
Mar 18 14:23:35 localhost systemd[1]: Reached target Swap.
Mar 18 14:23:35 localhost systemd[1]: Started udev Coldplug all Devices.
Mar 18 14:23:35 localhost systemd[1]: Starting udev Wait for Complete Device Initialization...
Mar 18 14:23:36 localhost systemd[1]: Started Create list of required static device nodes for the current kernel.
Mar 18 14:23:36 localhost lvm[771]:  2 logical volume(s) in volume group "rl" monitored
Mar 18 14:23:36 localhost systemd[1]: Started Monitoring of LVM2 mirrors, snapshots etc. using dmeventd or progress polling.
Mar 18 14:23:36 localhost systemd[1]: Started Remount Root and Kernel File Systems.
Mar 18 14:23:36 localhost systemd[1]: Starting Rebuild Hardware Database...
Mar 18 14:23:36 localhost systemd[1]: Starting Flush Journal to Persistent Storage...
Mar 18 14:23:36 localhost systemd[1]: Starting Load/Save Random Seed...
Mar 18 14:23:36 localhost systemd[1]: Starting Create System Users...
Mar 18 14:23:36 localhost systemd[1]: Started Load/Save Random Seed.
Mar 18 14:23:36 localhost systemd-journald[755]: Runtime journal (/run/log/journal/b0dec76ffede419cadcb97310e58bd9a) is 8.0M, max 388.1M, 380.1M free.
Mar 18 14:23:37 localhost systemd[1]: Started Flush Journal to Persistent Storage.
Mar 18 14:23:37 localhost systemd-vconsole-setup[763]: KD_FONT_OP_GET failed while trying to get the font metadata: Invalid argument
Mar 18 14:23:37 localhost systemd-vconsole-setup[763]: Fonts will not be copied to remaining consoles
Mar 18 14:23:37 localhost systemd[1]: systemd-vconsole-setup.service: Succeeded.
Mar 18 14:23:37 localhost systemd[1]: Started Setup Virtual Console.
Mar 18 14:23:37 localhost systemd-modules-load[767]: Module 'msr' is builtin
Mar 18 14:23:37 localhost systemd[1]: Started Load Kernel Modules.
Mar 18 14:23:37 localhost systemd[1]: Starting Apply Kernel Variables...
Mar 18 14:23:37 localhost systemd[1]: Mounting FUSE Control File System...
Mar 18 14:23:37 localhost systemd[1]: Mounted FUSE Control File System.
Mar 18 14:23:37 localhost systemd[1]: Started Create System Users.
Mar 18 14:23:37 localhost systemd[1]: Starting Create Static Device Nodes in /dev...
Mar 18 14:23:37 localhost systemd-sysctl[792]: Couldn't write '1' to 'vm/unprivileged_userfaultfd', ignoring: No such file or directory
Mar 18 14:23:37 localhost systemd[1]: Started Apply Kernel Variables.
Mar 18 14:23:38 localhost systemd[1]: Started Create Static Device Nodes in /dev.
Mar 18 14:23:38 localhost systemd[1]: Started Rebuild Hardware Database.
Mar 18 14:23:38 localhost systemd[1]: Starting udev Kernel Device Manager...
Mar 18 14:23:40 localhost systemd[1]: Started udev Kernel Device Manager.
Mar 18 14:23:40 localhost kernel: piix4_smbus 0000:00:07.0: SMBus Host Controller at 0x4100, revision 0
Mar 18 14:23:40 localhost kernel: ACPI: Video Device [GFX0] (multi-head: yes  rom: no  post: no)
Mar 18 14:23:40 localhost kernel: input: Video Bus as /devices/LNXSYSTM:00/LNXSYBUS:00/PNP0A03:00/LNXVIDEO:00/input/input5
Mar 18 14:23:40 localhost systemd-udevd[810]: link_config: autonegotiation is unset or enabled, the speed and duplex are not writable.
Mar 18 14:23:40 localhost systemd-udevd[807]: could not read from '/sys/module/intel_cstate/initstate': No such device
Mar 18 14:23:40 localhost kernel: RAPL PMU: API unit is 2^-32 Joules, 0 fixed counters, 10737418240 ms ovfl timer
Mar 18 14:23:40 localhost kernel: input: PC Speaker as /devices/platform/pcspkr/input/input6
Mar 18 14:23:40 localhost systemd-udevd[816]: Using default interface naming scheme 'rhel-8.0'.
Mar 18 14:23:40 localhost systemd-udevd[816]: link_config: autonegotiation is unset or enabled, the speed and duplex are not writable.
Mar 18 14:23:40 localhost systemd-udevd[801]: Using default interface naming scheme 'rhel-8.0'.
Mar 18 14:23:40 localhost systemd-udevd[801]: link_config: autonegotiation is unset or enabled, the speed and duplex are not writable.
Mar 18 14:23:41 localhost systemd[1]: Condition check resulted in VBOX_HARDDISK 2 being skipped.
Mar 18 14:23:41 localhost systemd[1]: Created slice system-lvm2\x2dpvscan.slice.
Mar 18 14:23:41 localhost systemd[1]: Starting LVM event activation on device 8:2...
Mar 18 14:23:41 localhost lvm[877]:  pvscan[877] PV /dev/sda2 online, VG rl is complete.
Mar 18 14:23:41 localhost lvm[877]:  pvscan[877] VG rl run autoactivation.
Mar 18 14:23:41 localhost kernel: snd_intel8x0 0000:00:05.0: allow list rate for 1028:0177 is 48000
Mar 18 14:23:42 localhost lvm[877]:  3 logical volume(s) in volume group "rl" now active
Mar 18 14:23:42 localhost systemd[1]: Found device /dev/mapper/rl-home.
Mar 18 14:23:42 localhost systemd[1]: Started LVM event activation on device 8:2.
Mar 18 14:23:42 localhost systemd[1]: Started udev Wait for Complete Device Initialization.
Mar 18 14:23:42 localhost systemd[1]: Reached target Local File Systems (Pre).
Mar 18 14:23:42 localhost systemd[1]: Mounting /boot...
Mar 18 14:23:42 localhost systemd[1]: Mounting /home...
Mar 18 14:23:42 localhost kernel: XFS (sda1): Mounting V5 Filesystem
Mar 18 14:23:42 localhost kernel: XFS (dm-2): Mounting V5 Filesystem
Mar 18 14:23:43 localhost kernel: XFS (dm-2): Ending clean mount
Mar 18 14:23:43 localhost systemd[1]: Mounted /home.
Mar 18 14:23:44 localhost kernel: XFS (sda1): Ending clean mount
Mar 18 14:23:44 localhost systemd[1]: Mounted /boot.
Mar 18 14:23:44 localhost systemd[1]: Reached target Local File Systems.
Mar 18 14:23:44 localhost systemd[1]: Starting Rebuild Journal Catalog...
Mar 18 14:23:44 localhost systemd[1]: Starting Tell Plymouth To Write Out Runtime Data...
Mar 18 14:23:44 localhost systemd[1]: Starting Rebuild Dynamic Linker Cache...
Mar 18 14:23:44 localhost systemd[1]: Starting Import network configuration from initramfs...
Mar 18 14:23:45 localhost systemd[1]: Received SIGRTMIN+20 from PID 519 (plymouthd).
Mar 18 14:23:45 localhost systemd[1]: Started Tell Plymouth To Write Out Runtime Data.
Mar 18 14:23:45 localhost systemd[1]: Started Rebuild Journal Catalog.
Mar 18 14:23:45 localhost systemd[1]: Started Import network configuration from initramfs.
Mar 18 14:23:45 localhost systemd[1]: Starting Create Volatile Files and Directories...
Mar 18 14:23:45 localhost systemd[1]: Started Create Volatile Files and Directories.
Mar 18 14:23:45 localhost systemd[1]: Mounting RPC Pipe File System...
Mar 18 14:23:45 localhost systemd[1]: Starting Security Auditing Service...
Mar 18 14:23:46 localhost systemd[1]: Starting RPC Bind...
Mar 18 14:23:46 localhost auditd[935]: audit dispatcher initialized with q_depth=1200 and 1 active plugins
Mar 18 14:23:46 localhost auditd[935]: Init complete, auditd 3.0.7 listening for events (startup state enable)
Mar 18 14:23:46 localhost kernel: RPC: Registered named UNIX socket transport module.
Mar 18 14:23:46 localhost kernel: RPC: Registered udp transport module.
Mar 18 14:23:46 localhost kernel: RPC: Registered tcp transport module.
Mar 18 14:23:46 localhost kernel: RPC: Registered tcp NFSv4.1 backchannel transport module.
Mar 18 14:23:46 localhost systemd[1]: Mounted RPC Pipe File System.
Mar 18 14:23:46 localhost systemd[1]: Reached target rpc_pipefs.target.
Mar 18 14:23:46 localhost systemd[1]: Started RPC Bind.
Mar 18 14:23:46 localhost augenrules[940]: /sbin/augenrules: No change
Mar 18 14:23:46 localhost augenrules[954]: No rules
Mar 18 14:23:46 localhost augenrules[954]: enabled 1
Mar 18 14:23:46 localhost augenrules[954]: failure 1
Mar 18 14:23:46 localhost augenrules[954]: pid 935
Mar 18 14:23:46 localhost augenrules[954]: rate_limit 0
Mar 18 14:23:46 localhost augenrules[954]: backlog_limit 8192
Mar 18 14:23:46 localhost augenrules[954]: lost 0
Mar 18 14:23:46 localhost augenrules[954]: backlog 4
Mar 18 14:23:46 localhost augenrules[954]: backlog_wait_time 60000
Mar 18 14:23:46 localhost augenrules[954]: backlog_wait_time_actual 0
Mar 18 14:23:46 localhost augenrules[954]: enabled 1
Mar 18 14:23:46 localhost augenrules[954]: failure 1
Mar 18 14:23:46 localhost augenrules[954]: pid 935
Mar 18 14:23:46 localhost augenrules[954]: rate_limit 0
Mar 18 14:23:46 localhost augenrules[954]: backlog_limit 8192
Mar 18 14:23:46 localhost augenrules[954]: lost 0
Mar 18 14:23:46 localhost augenrules[954]: backlog 4
Mar 18 14:23:46 localhost augenrules[954]: backlog_wait_time 60000
Mar 18 14:23:46 localhost augenrules[954]: backlog_wait_time_actual 0
Mar 18 14:23:46 localhost augenrules[954]: enabled 1
Mar 18 14:23:46 localhost augenrules[954]: failure 1
Mar 18 14:23:46 localhost augenrules[954]: pid 935
Mar 18 14:23:46 localhost augenrules[954]: rate_limit 0
Mar 18 14:23:46 localhost augenrules[954]: backlog_limit 8192
Mar 18 14:23:46 localhost augenrules[954]: lost 0
Mar 18 14:23:46 localhost augenrules[954]: backlog 0
Mar 18 14:23:46 localhost augenrules[954]: backlog_wait_time 60000
Mar 18 14:23:46 localhost augenrules[954]: backlog_wait_time_actual 0
Mar 18 14:23:46 localhost systemd[1]: Started Security Auditing Service.
Mar 18 14:23:46 localhost systemd[1]: Starting Update UTMP about System Boot/Shutdown...
Mar 18 14:23:46 localhost systemd[1]: Started Update UTMP about System Boot/Shutdown.
Mar 18 14:23:55 localhost systemd[1]: Started Rebuild Dynamic Linker Cache.
Mar 18 14:23:55 localhost systemd[1]: Starting Update is Completed...
Mar 18 14:23:55 localhost systemd[1]: Started Update is Completed.
Mar 18 14:23:55 localhost systemd[1]: Reached target System Initialization.
Mar 18 14:23:55 localhost systemd[1]: Listening on CUPS Scheduler.
Mar 18 14:23:55 localhost systemd[1]: Started CUPS Scheduler.
Mar 18 14:23:55 localhost systemd[1]: Reached target Paths.
Mar 18 14:23:55 localhost systemd[1]: Listening on Virtual machine lock manager socket.
Mar 18 14:23:55 localhost systemd[1]: Listening on Virtual machine log manager socket.
Mar 18 14:23:55 localhost systemd[1]: Started dnf makecache --timer.
Mar 18 14:23:55 localhost systemd[1]: Started daily update of the root trust anchor for DNSSEC.
Mar 18 14:23:55 localhost systemd[1]: Listening on Avahi mDNS/DNS-SD Stack Activation Socket.
Mar 18 14:23:55 localhost systemd[1]: Listening on Open-iSCSI iscsid Socket.
Mar 18 14:23:55 localhost systemd[1]: Listening on Libvirt local socket.
Mar 18 14:23:55 localhost systemd[1]: Listening on Libvirt local read-only socket.
Mar 18 14:23:55 localhost systemd[1]: Listening on Libvirt admin socket.
Mar 18 14:23:55 localhost systemd[1]: Started Updates mlocate database every day.
Mar 18 14:23:55 localhost systemd[1]: Started Daily Cleanup of Temporary Directories.
Mar 18 14:23:55 localhost systemd[1]: Reached target Timers.
Mar 18 14:23:55 localhost systemd[1]: Listening on SSSD Kerberos Cache Manager responder socket.
Mar 18 14:23:55 localhost systemd[1]: Listening on D-Bus System Message Bus Socket.
Mar 18 14:23:55 localhost systemd[1]: Listening on Open-iSCSI iscsiuio Socket.
Mar 18 14:23:55 localhost systemd[1]: Reached target Sockets.
Mar 18 14:23:55 localhost systemd[1]: Reached target Basic System.
Mar 18 14:23:55 localhost systemd[1]: Starting System Security Services Daemon...
Mar 18 14:23:56 localhost systemd[1]: Starting NTP client/server...
Mar 18 14:23:56 localhost systemd[1]: Started irqbalance daemon.
Mar 18 14:23:56 localhost systemd[1]: Starting OpenSSH ecdsa Server Key Generation...
Mar 18 14:23:56 localhost systemd[1]: Starting Restore /run/initramfs on shutdown...
Mar 18 14:23:56 localhost systemd[1]: Starting OpenSSH ed25519 Server Key Generation...
Mar 18 14:23:56 localhost systemd[1]: Started libstoragemgmt plug-in server daemon.
Mar 18 14:23:56 localhost systemd[1]: Starting Authorization Manager...
Mar 18 14:23:56 localhost systemd[1]: Starting Disk Manager...
Mar 18 14:23:56 localhost systemd[1]: Starting Initial Setup configuration program...
Mar 18 14:23:56 localhost systemd[1]: Started Manage Sound Card State (restore and store).
Mar 18 14:23:56 localhost systemd[1]: Reached target Sound Card.
Mar 18 14:23:56 localhost systemd[1]: Starting Virtual Machine and Container Registration Service...
Mar 18 14:23:56 localhost alsactl[977]: alsactl 1.2.7 daemon started
Mar 18 14:23:56 localhost alsactl[977]: /usr/sbin/alsactl: load_state:1689: Cannot open /var/lib/alsa/asound.state for reading: No such file or directory
Mar 18 14:23:56 localhost alsactl[977]: alsa-lib main.c:1541:(snd_use_case_mgr_open) error: failed to import hw:0 use case configuration -2
Mar 18 14:23:56 localhost alsactl[977]: Found hardware: "ICH" "Analog Devices AD1980" "AC97a:41445370" "0x1028" "0x0177"
Mar 18 14:23:56 localhost alsactl[977]: Hardware is initialized using a generic method
Mar 18 14:23:56 localhost systemd[1]: Starting Self Monitoring and Reporting Technology (SMART) Daemon...
Mar 18 14:23:56 localhost systemd[1]: Starting OpenSSH rsa Server Key Generation...
Mar 18 14:23:56 localhost systemd[1]: Starting Avahi mDNS/DNS-SD Stack...
Mar 18 14:23:56 localhost systemd[1]: Starting RealtimeKit Scheduling Policy Service...
Mar 18 14:23:56 localhost chronyd[984]: chronyd version 4.2 starting (+CMDMON +NTP +REFCLOCK +RTC +PRIVDROP +SCFILTER +SIGND +ASYNCDNS +NTS +SECHASH +IPV6 +DEBUG)
Mar 18 14:23:56 localhost systemd[1]: Starting Kernel Samepage Merging...
Mar 18 14:23:56 localhost systemd[1]: Started Machine Check Exception Logging Daemon.
Mar 18 14:23:56 localhost systemd[1]: Starting VDO volume services...
Mar 18 14:23:56 localhost systemd[1]: Started D-Bus System Message Bus.
Mar 18 14:23:56 localhost avahi-daemon[981]: Found user 'avahi' (UID 70) and group 'avahi' (GID 70).
Mar 18 14:23:56 localhost journal[975]: udisks daemon version 2.9.0 starting
Mar 18 14:23:57 localhost smartd[979]: smartd 7.1 2020-04-05 r5049 [x86_64-linux-4.18.0-425.3.1.el8.x86_64] (local build)
Mar 18 14:23:57 localhost smartd[979]: Copyright (C) 2002-19, Bruce Allen, Christian Franke, www.smartmontools.org
Mar 18 14:23:57 localhost smartd[979]: Opened configuration file /etc/smartmontools/smartd.conf
Mar 18 14:23:57 localhost smartd[979]: Configuration file /etc/smartmontools/smartd.conf was parsed, found DEVICESCAN, scanning devices
Mar 18 14:23:57 localhost smartd[979]: Device: /dev/sda, type changed from 'scsi' to 'sat'
Mar 18 14:23:57 localhost smartd[979]: Device: /dev/sda [SAT], opened
Mar 18 14:23:57 localhost chronyd[984]: Using right/UTC timezone to obtain leap second data
Mar 18 14:23:57 localhost smartd[979]: Device: /dev/sda [SAT], VBOX HARDDISK, S/N:VBd71a4bf6-a76086c8, FW:1.0, 54.8 GB
Mar 18 14:23:57 localhost smartd[979]: Device: /dev/sda [SAT], not found in smartd database.
Mar 18 14:23:57 localhost smartd[979]: Device: /dev/sda [SAT], lacks SMART capability
Mar 18 14:23:57 localhost smartd[979]: Device: /dev/sda [SAT], to proceed anyway, use '-T permissive' Directive.
Mar 18 14:23:57 localhost smartd[979]: Monitoring 0 ATA/SATA, 0 SCSI/SAS and 0 NVMe devices
Mar 18 14:24:01 localhost systemd[1]: Started Self Monitoring and Reporting Technology (SMART) Daemon.
Mar 18 14:24:01 localhost systemd[1]: sshd-keygen@ecdsa.service: Succeeded.
Mar 18 14:24:01 localhost systemd[1]: Started OpenSSH ecdsa Server Key Generation.
Mar 18 14:24:01 localhost systemd[1]: Started Restore /run/initramfs on shutdown.
Mar 18 14:24:01 localhost systemd[1]: sshd-keygen@ed25519.service: Succeeded.
Mar 18 14:24:01 localhost systemd[1]: Started OpenSSH ed25519 Server Key Generation.
Mar 18 14:24:01 localhost systemd[1]: sshd-keygen@rsa.service: Succeeded.
Mar 18 14:24:01 localhost systemd[1]: Started OpenSSH rsa Server Key Generation.
Mar 18 14:24:01 localhost systemd[1]: Started Kernel Samepage Merging.
Mar 18 14:24:01 localhost systemd[1]: Received SIGRTMIN+21 from PID 976 (n/a).
Mar 18 14:24:01 localhost avahi-daemon[981]: Successfully dropped root privileges.
Mar 18 14:24:01 localhost systemd[1]: Started Virtual Machine and Container Registration Service.
Mar 18 14:24:01 localhost avahi-daemon[981]: avahi-daemon 0.7 starting up.
Mar 18 14:24:01 localhost systemd[1]: Started RealtimeKit Scheduling Policy Service.
Mar 18 14:24:01 localhost avahi-daemon[981]: WARNING: No NSS support for mDNS detected, consider installing nss-mdns!
Mar 18 14:24:01 localhost avahi-daemon[981]: Successfully called chroot().
Mar 18 14:24:01 localhost avahi-daemon[981]: Successfully dropped remaining capabilities.
Mar 18 14:24:01 localhost systemd[1]: Starting Kernel Samepage Merging (KSM) Tuning Daemon...
Mar 18 14:24:01 localhost systemd[1]: Reached target sshd-keygen.target.
Mar 18 14:24:01 localhost avahi-daemon[1024]: chroot.c: open() failed: No such file or directory
Mar 18 14:24:01 localhost avahi-daemon[981]: Failed to open /etc/resolv.conf: Invalid argument
Mar 18 14:24:01 localhost avahi-daemon[981]: No service file found in /etc/avahi/services.
Mar 18 14:24:01 localhost systemd[1]: Started Avahi mDNS/DNS-SD Stack.
Mar 18 14:24:01 localhost systemd[1]: Received SIGRTMIN+21 from PID 519 (plymouthd).
Mar 18 14:24:01 localhost systemd[1]: Received SIGRTMIN+21 from PID 519 (plymouthd).
Mar 18 14:24:01 localhost avahi-daemon[981]: System host name is set to 'localhost'. This is not a suitable mDNS host name, looking for alternatives.
Mar 18 14:24:01 localhost polkitd[974]: Started polkitd version 0.115
Mar 18 14:24:01 localhost systemd[1]: Started NTP client/server.
Mar 18 14:24:01 localhost avahi-daemon[981]: Network interface enumeration completed.
Mar 18 14:24:01 localhost avahi-daemon[981]: Server startup complete. Host name is linux.local. Local service cookie is 2118112408.
Mar 18 14:24:01 localhost sssd[966]: Starting up
Mar 18 14:24:01 localhost initial-setup[1032]: Starting Initial Setup GUI
Mar 18 14:24:01 localhost systemd[1]: Started Kernel Samepage Merging (KSM) Tuning Daemon.
Mar 18 14:24:01 localhost dbus-daemon[988]: [system] Activating via systemd: service name='org.freedesktop.PolicyKit1' unit='polkit.service' requested by ':1.6' (uid=0 pid=975 comm="/usr/libexec/udisks2/udisksd " label="system_u:system_r:devicekit_disk_t:s0")
Mar 18 14:24:02 localhost run-initial-setup[1039]: X.Org X Server 1.20.11
Mar 18 14:24:02 localhost run-initial-setup[1039]: X Protocol Version 11, Revision 0
Mar 18 14:24:02 localhost run-initial-setup[1039]: Build Operating System:  4.18.0-372.19.1.el8_6.x86_64
Mar 18 14:24:02 localhost run-initial-setup[1039]: Current Operating System: Linux localhost.localdomain 4.18.0-425.3.1.el8.x86_64 #1 SMP Wed Nov 9 20:13:27 UTC 2022 x86_64
Mar 18 14:24:02 localhost run-initial-setup[1039]: Kernel command line: BOOT_IMAGE=(hd0,msdos1)/vmlinuz-4.18.0-425.3.1.el8.x86_64 root=/dev/mapper/rl-root ro crashkernel=auto resume=/dev/mapper/rl-swap rd.lvm.lv=rl/root rd.lvm.lv=rl/swap rhgb quiet
Mar 18 14:24:02 localhost run-initial-setup[1039]: Build Date: 01 October 2022  07:56:09AM
Mar 18 14:24:02 localhost run-initial-setup[1039]: Build ID: xorg-x11-server 1.20.11-9.el8
Mar 18 14:24:02 localhost run-initial-setup[1039]: Current version of pixman: 0.38.4
Mar 18 14:24:02 localhost run-initial-setup[1039]: #011Before reporting problems, check http://wiki.x.org
Mar 18 14:24:02 localhost run-initial-setup[1039]: #011to make sure that you have the latest version.
Mar 18 14:24:02 localhost run-initial-setup[1039]: Markers: (--) probed, (**) from config file, (==) default setting,
Mar 18 14:24:02 localhost run-initial-setup[1039]: #011(++) from command line, (!!) notice, (II) informational,
Mar 18 14:24:02 localhost run-initial-setup[1039]: #011(WW) warning, (EE) error, (NI) not implemented, (??) unknown.
Mar 18 14:24:02 localhost run-initial-setup[1039]: (==) Log file: "/var/log/Xorg.9.log", Time: Sat Mar 18 14:24:02 2023
Mar 18 14:24:02 localhost run-initial-setup[1039]: (==) Using config directory: "/etc/X11/xorg.conf.d"
Mar 18 14:24:02 localhost run-initial-setup[1039]: (==) Using system config directory "/usr/share/X11/xorg.conf.d"
Mar 18 14:24:05 localhost dbus-daemon[988]: [system] Successfully activated service 'org.freedesktop.PolicyKit1'
Mar 18 14:24:05 localhost systemd[1]: Started Authorization Manager.
Mar 18 14:24:05 localhost systemd[1]: Starting Modem Manager...
Mar 18 14:24:05 localhost systemd[1]: Starting firewalld - dynamic firewall daemon...
Mar 18 14:24:06 localhost sssd_be[1052]: Starting up
Mar 18 14:24:07 localhost ModemManager[1049]: <info>  ModemManager (version 1.18.2-1.el8) starting in system bus...
Mar 18 14:24:08 localhost sssd_nss[1062]: Starting up
Mar 18 14:24:08 localhost systemd[1]: Started System Security Services Daemon.
Mar 18 14:24:08 localhost systemd[1]: Reached target User and Group Name Lookups.
Mar 18 14:24:08 localhost systemd[1]: Starting Login Service...
Mar 18 14:24:08 localhost systemd[1]: Starting Accounts Service...
Mar 18 14:24:08 localhost systemd-logind[1073]: New seat seat0.
Mar 18 14:24:08 localhost systemd-logind[1073]: Watching system buttons on /dev/input/event0 (Power Button)
Mar 18 14:24:08 localhost systemd-logind[1073]: Watching system buttons on /dev/input/event1 (Sleep Button)
Mar 18 14:24:08 localhost systemd-logind[1073]: Watching system buttons on /dev/input/event2 (AT Translated Set 2 keyboard)
Mar 18 14:24:08 localhost systemd[1]: Started Login Service.
Mar 18 14:24:10 localhost dbus-daemon[988]: [system] Activating via systemd: service name='org.freedesktop.realmd' unit='realmd.service' requested by ':1.13' (uid=0 pid=1074 comm="/usr/libexec/accounts-daemon " label="system_u:system_r:accountsd_t:s0")
Mar 18 14:24:10 localhost systemd[1]: Starting Realm and Domain Configuration...
Mar 18 14:24:10 localhost systemd[1]: Started Disk Manager.
Mar 18 14:24:10 localhost dbus-daemon[988]: [system] Successfully activated service 'org.freedesktop.realmd'
Mar 18 14:24:10 localhost systemd[1]: Started Realm and Domain Configuration.
Mar 18 14:24:10 localhost accounts-daemon[1074]: started daemon version 0.6.55
Mar 18 14:24:10 localhost systemd[1]: Started Accounts Service.
Mar 18 14:24:10 localhost journal[975]: Acquired the name org.freedesktop.UDisks2 on the system message bus
Mar 18 14:24:11 localhost systemd[1]: Started VDO volume services.
Mar 18 14:24:11 localhost systemd[1]: Started Modem Manager.
Mar 18 14:24:13 localhost ModemManager[1049]: <info>  [base-manager] couldn't check support for device '/sys/devices/pci0000:00/0000:00:03.0': not supported by any plugin
Mar 18 14:24:13 localhost ModemManager[1049]: <info>  [base-manager] couldn't check support for device '/sys/devices/pci0000:00/0000:00:08.0': not supported by any plugin
Mar 18 14:24:13 localhost run-initial-setup[1039]: VMware: No 3D enabled (0, Success).
Mar 18 14:24:15 localhost systemd[1]: Started firewalld - dynamic firewall daemon.
Mar 18 14:24:15 localhost systemd[1]: Reached target Network (Pre).
Mar 18 14:24:15 localhost systemd[1]: Starting Network Manager...
Mar 18 14:24:16 localhost NetworkManager[1163]: <info>  [1679163856.3354] NetworkManager (version 1.40.0-2.el8_7) is starting... (boot:aea227cb-9f5b-40d8-a542-2b927fabc3c4)
Mar 18 14:24:16 localhost NetworkManager[1163]: <info>  [1679163856.3356] Read config: /etc/NetworkManager/NetworkManager.conf (lib: 00-server.conf) (run: 15-carrier-timeout.conf)
Mar 18 14:24:16 localhost systemd[1]: Started Network Manager.
Mar 18 14:24:16 localhost NetworkManager[1163]: <info>  [1679163856.3378] bus-manager: acquired D-Bus service "org.freedesktop.NetworkManager"
Mar 18 14:24:16 localhost systemd[1]: Starting Network Manager Wait Online...
Mar 18 14:24:16 localhost systemd[1]: Reached target Network.
Mar 18 14:24:16 localhost systemd[1]: Starting GSSAPI Proxy Daemon...
Mar 18 14:24:16 localhost systemd[1]: Starting Logout off all iSCSI sessions on shutdown...
Mar 18 14:24:16 localhost systemd[1]: Starting OpenSSH server daemon...
Mar 18 14:24:16 localhost systemd[1]: Starting Dynamic System Tuning Daemon...
Mar 18 14:24:16 localhost systemd[1]: Starting CUPS Scheduler...
Mar 18 14:24:16 localhost systemd[1]: Started Logout off all iSCSI sessions on shutdown.
Mar 18 14:24:16 localhost NetworkManager[1163]: <info>  [1679163856.4861] manager[0x55f00f787090]: monitoring kernel firmware directory '/lib/firmware'.
Mar 18 14:24:16 localhost dbus-daemon[988]: [system] Activating via systemd: service name='org.freedesktop.hostname1' unit='dbus-org.freedesktop.hostname1.service' requested by ':1.16' (uid=0 pid=1163 comm="/usr/sbin/NetworkManager --no-daemon " label="system_u:system_r:NetworkManager_t:s0")
Mar 18 14:24:16 localhost systemd[1]: Starting Hostname Service...
Mar 18 14:24:16 localhost systemd[1]: Started OpenSSH server daemon.
Mar 18 14:24:16 localhost dbus-daemon[988]: [system] Successfully activated service 'org.freedesktop.hostname1'
Mar 18 14:24:16 localhost systemd[1]: Started Hostname Service.
Mar 18 14:24:16 localhost NetworkManager[1163]: <info>  [1679163856.9184] hostname: hostname: using hostnamed
Mar 18 14:24:16 localhost NetworkManager[1163]: <info>  [1679163856.9184] hostname: static hostname changed from (none) to "localhost.localdomain"
Mar 18 14:24:16 localhost NetworkManager[1163]: <info>  [1679163856.9186] dns-mgr: init: dns=default,systemd-resolved rc-manager=symlink
Mar 18 14:24:17 localhost systemd[1]: Started GSSAPI Proxy Daemon.
Mar 18 14:24:17 localhost systemd[1]: Reached target NFS client services.
Mar 18 14:24:17 localhost firewalld[1051]: WARNING: AllowZoneDrifting is enabled. This is considered an insecure configuration option. It will be removed in a future release. Please consider disabling it now.
Mar 18 14:24:17 localhost NetworkManager[1163]: <info>  [1679163857.3615] Loaded device plugin: NMAtmManager (/usr/lib64/NetworkManager/1.40.0-2.el8_7/libnm-device-plugin-adsl.so)
Mar 18 14:24:17 localhost systemd[1]: Started CUPS Scheduler.
Mar 18 14:24:17 localhost NetworkManager[1163]: <info>  [1679163857.5287] Loaded device plugin: NMBluezManager (/usr/lib64/NetworkManager/1.40.0-2.el8_7/libnm-device-plugin-bluetooth.so)
Mar 18 14:24:17 localhost initial-setup[1205]: Running Metacity with custom overrides
Mar 18 14:24:17 localhost initial-setup[1208]: Running (/usr/libexec/initial-setup/initial-setup-graphical)
Mar 18 14:24:17 localhost NetworkManager[1163]: <info>  [1679163857.7723] Loaded device plugin: NMWifiFactory (/usr/lib64/NetworkManager/1.40.0-2.el8_7/libnm-device-plugin-wifi.so)
Mar 18 14:24:17 localhost NetworkManager[1163]: <info>  [1679163857.8009] Loaded device plugin: NMWwanFactory (/usr/lib64/NetworkManager/1.40.0-2.el8_7/libnm-device-plugin-wwan.so)
Mar 18 14:24:17 localhost NetworkManager[1163]: <info>  [1679163857.9168] Loaded device plugin: NMTeamFactory (/usr/lib64/NetworkManager/1.40.0-2.el8_7/libnm-device-plugin-team.so)
Mar 18 14:24:17 localhost NetworkManager[1163]: <info>  [1679163857.9170] manager: rfkill: Wi-Fi enabled by radio killswitch; enabled by state file
Mar 18 14:24:17 localhost NetworkManager[1163]: <info>  [1679163857.9170] manager: rfkill: WWAN enabled by radio killswitch; enabled by state file
Mar 18 14:24:17 localhost NetworkManager[1163]: <info>  [1679163857.9170] manager: Networking is enabled by state file
Mar 18 14:24:17 localhost dbus-daemon[988]: [system] Activating via systemd: service name='org.freedesktop.nm_dispatcher' unit='dbus-org.freedesktop.nm-dispatcher.service' requested by ':1.16' (uid=0 pid=1163 comm="/usr/sbin/NetworkManager --no-daemon " label="system_u:system_r:NetworkManager_t:s0")
Mar 18 14:24:18 localhost systemd[1]: Starting Network Manager Script Dispatcher Service...
Mar 18 14:24:18 localhost dbus-daemon[988]: [system] Successfully activated service 'org.freedesktop.nm_dispatcher'
Mar 18 14:24:18 localhost systemd[1]: Started Network Manager Script Dispatcher Service.
Mar 18 14:24:18 localhost NetworkManager[1163]: <info>  [1679163858.1005] settings: Loaded settings plugin: ifcfg-rh ("/usr/lib64/NetworkManager/1.40.0-2.el8_7/libnm-settings-plugin-ifcfg-rh.so")
Mar 18 14:24:18 localhost NetworkManager[1163]: <info>  [1679163858.1006] settings: Loaded settings plugin: keyfile (internal)
Mar 18 14:24:18 localhost NetworkManager[1163]: <info>  [1679163858.1629] dhcp: init: Using DHCP client 'internal'
Mar 18 14:24:18 localhost NetworkManager[1163]: <info>  [1679163858.1630] device (lo): carrier: link connected
Mar 18 14:24:18 localhost NetworkManager[1163]: <info>  [1679163858.1638] manager: (lo): new Generic device (/org/freedesktop/NetworkManager/Devices/1)
Mar 18 14:24:18 localhost NetworkManager[1163]: <info>  [1679163858.1668] manager: (enp0s3): new Ethernet device (/org/freedesktop/NetworkManager/Devices/2)
Mar 18 14:24:18 localhost NetworkManager[1163]: <info>  [1679163858.1674] device (enp0s3): state change: unmanaged -> unavailable (reason 'managed', sys-iface-state: 'external')
Mar 18 14:24:18 localhost kernel: IPv6: ADDRCONF(NETDEV_UP): enp0s3: link is not ready
Mar 18 14:24:18 localhost kernel: IPv6: ADDRCONF(NETDEV_UP): enp0s3: link is not ready
Mar 18 14:24:18 localhost kernel: e1000: enp0s3 NIC Link is Up 1000 Mbps Full Duplex, Flow Control: RX
Mar 18 14:24:18 localhost kernel: IPv6: ADDRCONF(NETDEV_CHANGE): enp0s3: link becomes ready
Mar 18 14:24:18 localhost NetworkManager[1163]: <info>  [1679163858.1706] manager: (enp0s8): new Ethernet device (/org/freedesktop/NetworkManager/Devices/3)
Mar 18 14:24:18 localhost NetworkManager[1163]: <info>  [1679163858.1710] device (enp0s8): state change: unmanaged -> unavailable (reason 'managed', sys-iface-state: 'external')
Mar 18 14:24:18 localhost kernel: IPv6: ADDRCONF(NETDEV_UP): enp0s8: link is not ready
Mar 18 14:24:18 localhost kernel: IPv6: ADDRCONF(NETDEV_UP): enp0s8: link is not ready
Mar 18 14:24:18 localhost kernel: e1000: enp0s8 NIC Link is Up 1000 Mbps Full Duplex, Flow Control: RX
Mar 18 14:24:18 localhost kernel: IPv6: ADDRCONF(NETDEV_CHANGE): enp0s8: link becomes ready
Mar 18 14:24:18 localhost NetworkManager[1163]: <info>  [1679163858.2285] modem-manager: ModemManager available
Mar 18 14:24:18 localhost NetworkManager[1163]: <info>  [1679163858.2286] device (enp0s3): carrier: link connected
Mar 18 14:24:18 localhost NetworkManager[1163]: <info>  [1679163858.2288] device (enp0s8): carrier: link connected
Mar 18 14:24:18 localhost NetworkManager[1163]: <info>  [1679163858.2289] device (enp0s3): state change: unavailable -> disconnected (reason 'carrier-changed', sys-iface-state: 'managed')
Mar 18 14:24:18 localhost NetworkManager[1163]: <info>  [1679163858.2299] device (enp0s8): state change: unavailable -> disconnected (reason 'carrier-changed', sys-iface-state: 'managed')
Mar 18 14:24:18 localhost NetworkManager[1163]: <info>  [1679163858.2307] manager: startup complete
Mar 18 14:24:18 localhost systemd[1]: Started Network Manager Wait Online.
Mar 18 14:24:18 localhost systemd[1]: Reached target Network is Online.
Mar 18 14:24:18 localhost systemd[1]: Starting System Logging Service...
Mar 18 14:24:18 localhost systemd[1]: Reached target Remote File Systems (Pre).
Mar 18 14:24:18 localhost systemd[1]: Reached target Remote File Systems.
Mar 18 14:24:18 localhost systemd[1]: Starting Virtualization daemon...
Mar 18 14:24:18 localhost systemd[1]: Starting Permit User Sessions...
Mar 18 14:24:18 localhost systemd[1]: Starting Notify NFS peers of a restart...
Mar 18 14:24:18 localhost systemd[1]: Starting Crash recovery kernel arming...
Mar 18 14:24:18 localhost sm-notify[1224]: Version 2.3.3 starting
Mar 18 14:24:18 localhost systemd[1]: Started Notify NFS peers of a restart.
Mar 18 14:24:18 localhost systemd[1]: Started Permit User Sessions.
Mar 18 14:24:18 localhost systemd[1]: Started Command Scheduler.
Mar 18 14:24:19 localhost systemd[1]: Started Job spooling tools.
Mar 18 14:24:19 localhost rsyslogd[1221]: [origin software="rsyslogd" swVersion="8.2102.0-10.el8" x-pid="1221" x-info="https://www.rsyslog.com"] start
Mar 18 14:24:19 localhost rsyslogd[1221]: imjournal: No statefile exists, /var/lib/rsyslog/imjournal.state will be created (ignore if this is first run): No such file or directory [v8.2102.0-10.el8 try https://www.rsyslog.com/e/2040 ]
Mar 18 14:24:19 localhost systemd[1]: Started System Logging Service.
Mar 18 14:24:19 localhost rsyslogd[1221]: imjournal: journal files changed, reloading...  [v8.2102.0-10.el8 try https://www.rsyslog.com/e/0 ]
Mar 18 14:24:20 localhost kdumpctl[1231]: kdump: No kdump initial ramdisk found.
Mar 18 14:24:20 localhost kdumpctl[1231]: kdump: Rebuilding /boot/initramfs-4.18.0-425.3.1.el8.x86_64kdump.img
Mar 18 14:24:21 localhost dracut[1724]: dracut-049-209.git20220815.el8
Mar 18 14:24:21 localhost systemd[1]: Started Dynamic System Tuning Daemon.
Mar 18 14:24:23 localhost dracut[1727]: Executing: /usr/bin/dracut --add kdumpbase --quiet --hostonly --hostonly-cmdline --hostonly-i18n --hostonly-mode strict -o "plymouth dash resume ifcfg earlykdump" --compress=xz --mount "/dev/mapper/rl-root /sysroot xfs rw,relatime,seclabel,attr2,inode64,logbufs=8,logbsize=32k,noquota,nofail,x-systemd.before=initrd-fs.target" --no-hostonly-default-device -f /boot/initramfs-4.18.0-425.3.1.el8.x86_64kdump.img 4.18.0-425.3.1.el8.x86_64
Mar 18 14:24:23 localhost dbus-daemon[1907]: [session uid=0 pid=1341] Activating service name='org.a11y.Bus' requested by ':1.0' (uid=0 pid=1206 comm="/usr/bin/metacity " label="system_u:system_r:unconfined_service_t:s0")
Mar 18 14:24:23 localhost systemd[1]: Started Virtualization daemon.
Mar 18 14:24:24 localhost dracut[1727]: dracut module 'busybox' will not be installed, because command 'busybox' could not be found!
Mar 18 14:24:24 localhost dracut[1727]: dracut module 'rngd' will not be installed, because command 'rngd' could not be found!
Mar 18 14:24:24 localhost dracut[1727]: dracut module 'network-legacy' will not be installed, because command 'dhclient' could not be found!
Mar 18 14:24:24 localhost dracut[1727]: dracut module 'ifcfg' will not be installed, because it's in the list to be omitted!
Mar 18 14:24:24 localhost dracut[1727]: dracut module 'plymouth' will not be installed, because it's in the list to be omitted!
Mar 18 14:24:24 localhost dbus-daemon[1907]: [session uid=0 pid=1341] Successfully activated service 'org.a11y.Bus'
Mar 18 14:24:24 localhost kernel: bridge: filtering via arp/ip/ip6tables is no longer available by default. Update your scripts to load br_netfilter if you need this.
Mar 18 14:24:24 localhost NetworkManager[1163]: <info>  [1679163864.8028] manager: (virbr0): new Bridge device (/org/freedesktop/NetworkManager/Devices/4)
Mar 18 14:24:24 localhost systemd-udevd[2114]: Using default interface naming scheme 'rhel-8.0'.
Mar 18 14:24:24 localhost systemd-udevd[2114]: link_config: autonegotiation is unset or enabled, the speed and duplex are not writable.
Mar 18 14:24:24 localhost org.a11y.Bus[2098]: dbus-daemon[2098]: Activating service name='org.a11y.atspi.Registry' requested by ':1.0' (uid=0 pid=1206 comm="/usr/bin/metacity " label="system_u:system_r:unconfined_service_t:s0")
Mar 18 14:24:24 localhost dracut[1727]: dracut module 'btrfs' will not be installed, because command 'btrfs' could not be found!
Mar 18 14:24:24 localhost org.a11y.Bus[2098]: dbus-daemon[2098]: Successfully activated service 'org.a11y.atspi.Registry'
Mar 18 14:24:24 localhost org.a11y.Bus[2126]: SpiRegistry daemon is running with well-known name - org.a11y.atspi.Registry
Mar 18 14:24:25 localhost dracut[1727]: dracut module 'dmraid' will not be installed, because command 'dmraid' could not be found!
Mar 18 14:24:25 localhost dracut[1727]: dracut module 'cifs' will not be installed, because command 'mount.cifs' could not be found!
Mar 18 14:24:26 localhost dracut[1727]: dracut module 'resume' will not be installed, because it's in the list to be omitted!
Mar 18 14:24:27 localhost dracut[1727]: dracut module 'earlykdump' will not be installed, because it's in the list to be omitted!
Mar 18 14:24:27 localhost dracut[1727]: memstrack is available
Mar 18 14:24:27 localhost dracut[1727]: dracut module 'busybox' will not be installed, because command 'busybox' could not be found!
Mar 18 14:24:27 localhost dracut[1727]: dracut module 'rngd' will not be installed, because command 'rngd' could not be found!
Mar 18 14:24:27 localhost dracut[1727]: dracut module 'network-legacy' will not be installed, because command 'dhclient' could not be found!
Mar 18 14:24:27 localhost dracut[1727]: dracut module 'btrfs' will not be installed, because command 'btrfs' could not be found!
Mar 18 14:24:27 localhost dracut[1727]: dracut module 'dmraid' will not be installed, because command 'dmraid' could not be found!
Mar 18 14:24:27 localhost dracut[1727]: dracut module 'cifs' will not be installed, because command 'mount.cifs' could not be found!
Mar 18 14:24:28 localhost avahi-daemon[981]: Joining mDNS multicast group on interface virbr0.IPv4 with address 192.168.122.1.
Mar 18 14:24:28 localhost avahi-daemon[981]: New relevant interface virbr0.IPv4 for mDNS.
Mar 18 14:24:28 localhost avahi-daemon[981]: Registering new address record for 192.168.122.1 on virbr0.IPv4.
Mar 18 14:24:28 localhost NetworkManager[1163]: <info>  [1679163868.1196] device (virbr0): state change: unmanaged -> unavailable (reason 'connection-assumed', sys-iface-state: 'external')
Mar 18 14:24:28 localhost NetworkManager[1163]: <info>  [1679163868.1198] device (virbr0): state change: unavailable -> disconnected (reason 'connection-assumed', sys-iface-state: 'external')
Mar 18 14:24:28 localhost NetworkManager[1163]: <info>  [1679163868.1202] device (virbr0): Activation: starting connection 'virbr0' (034042dc-2eea-4c43-ab4a-9edcd1a2683f)
Mar 18 14:24:28 localhost NetworkManager[1163]: <info>  [1679163868.1203] device (virbr0): state change: disconnected -> prepare (reason 'none', sys-iface-state: 'external')
Mar 18 14:24:28 localhost NetworkManager[1163]: <info>  [1679163868.1204] device (virbr0): state change: prepare -> config (reason 'none', sys-iface-state: 'external')
Mar 18 14:24:28 localhost NetworkManager[1163]: <info>  [1679163868.1205] device (virbr0): state change: config -> ip-config (reason 'none', sys-iface-state: 'external')
Mar 18 14:24:28 localhost NetworkManager[1163]: <info>  [1679163868.1207] device (virbr0): state change: ip-config -> ip-check (reason 'none', sys-iface-state: 'external')
Mar 18 14:24:28 localhost NetworkManager[1163]: <info>  [1679163868.1220] device (virbr0): state change: ip-check -> secondaries (reason 'none', sys-iface-state: 'external')
Mar 18 14:24:28 localhost NetworkManager[1163]: <info>  [1679163868.1221] device (virbr0): state change: secondaries -> activated (reason 'none', sys-iface-state: 'external')
Mar 18 14:24:28 localhost NetworkManager[1163]: <info>  [1679163868.1222] manager: NetworkManager state is now CONNECTED_LOCAL
Mar 18 14:24:28 localhost NetworkManager[1163]: <info>  [1679163868.1224] device (virbr0): Activation: successful, device activated.
Mar 18 14:24:28 localhost dbus-daemon[988]: [system] Activating via systemd: service name='org.freedesktop.resolve1' unit='dbus-org.freedesktop.resolve1.service' requested by ':1.16' (uid=0 pid=1163 comm="/usr/sbin/NetworkManager --no-daemon " label="system_u:system_r:NetworkManager_t:s0")
Mar 18 14:24:28 localhost dbus-daemon[988]: [system] Activation via systemd failed for unit 'dbus-org.freedesktop.resolve1.service': Unit dbus-org.freedesktop.resolve1.service not found.
Mar 18 14:24:28 localhost dracut[1727]: *** Including module: bash ***
Mar 18 14:24:28 localhost systemd[1]: iscsi.service: Unit cannot be reloaded because it is inactive.
Mar 18 14:24:28 localhost dracut[1727]: *** Including module: systemd ***
Mar 18 14:24:28 localhost dnsmasq[3601]: started, version 2.79 cachesize 150
Mar 18 14:24:28 localhost dnsmasq[3601]: compile time options: IPv6 GNU-getopt DBus no-i18n IDN2 DHCP DHCPv6 no-Lua TFTP no-conntrack ipset auth DNSSEC loop-detect inotify
Mar 18 14:24:28 localhost dnsmasq-dhcp[3601]: DHCP, IP range 192.168.122.2 -- 192.168.122.254, lease time 1h
Mar 18 14:24:28 localhost dnsmasq-dhcp[3601]: DHCP, sockets bound exclusively to interface virbr0
Mar 18 14:24:28 localhost dnsmasq[3601]: read /etc/hosts - 2 addresses
Mar 18 14:24:28 localhost dnsmasq[3601]: read /var/lib/libvirt/dnsmasq/default.addnhosts - 0 addresses
Mar 18 14:24:28 localhost dnsmasq-dhcp[3601]: read /var/lib/libvirt/dnsmasq/default.hostsfile
Mar 18 14:24:30 localhost dracut[1727]: *** Including module: systemd-initrd ***
Mar 18 14:24:30 localhost dracut[1727]: *** Including module: watchdog-modules ***
Mar 18 14:24:30 localhost journal[1222]: libvirt version: 8.0.0, package: 10.module+el8.7.0+1084+97b81f61 (infrastructure@rockylinux.org, 2022-11-08-22:48:41, )
Mar 18 14:24:30 localhost journal[1222]: hostname: localhost.localdomain
Mar 18 14:24:30 localhost journal[1222]: Unable to open /dev/kvm: No such file or directory
Mar 18 14:24:30 localhost dracut[1727]: *** Including module: nss-softokn ***
Mar 18 14:24:30 localhost dracut[1727]: *** Including module: i18n ***
Mar 18 14:24:30 localhost initial-setup[1209]: Initial Setup 0.3.81.7
Mar 18 14:24:30 localhost initial-setup[1209]: found 3 addon modules:
Mar 18 14:24:30 localhost anaconda[1209]: anaconda: misc: Writing a temporary configuration loaded from: ['/etc/anaconda/anaconda.conf', '/etc/initial-setup/conf.d/10-initial-setup.conf']
Mar 18 14:24:30 localhost anaconda[1209]: program: Running... dbus-daemon --print-address --syslog --config-file=/usr/share/anaconda/dbus/anaconda-bus.conf
Mar 18 14:24:30 localhost anaconda[1209]: anaconda: core.dbus: Connecting to the Anaconda bus at unix:abstract=/tmp/dbus-NEenc8lJ2h,guid=444e1f8058593de39600a0d3641601de.
Mar 18 14:24:30 localhost dbus-daemon[3737]: Activating service name='org.fedoraproject.Anaconda.Boss' requested by ':1.0' (uid=0 pid=1209 comm="/usr/libexec/platform-python /usr/libexec/initial-" label="system_u:system_r:unconfined_service_t:s0")
Mar 18 14:24:30 localhost org.fedoraproject.Anaconda.Boss[3791]: DEBUG:anaconda.modules.common:The configuration is loaded from: ['/run/anaconda/anaconda.conf']
Mar 18 14:24:31 localhost dracut[1727]: *** Including module: drm ***
Mar 18 14:24:31 localhost org.fedoraproject.Anaconda.Boss[3791]: WARNING:py.warnings:/usr/lib64/python3.6/site-packages/pyanaconda/core/util.py:33: DeprecationWarning: the imp module is deprecated in favour of importlib; see the module's documentation for alternative uses
Mar 18 14:24:31 localhost org.fedoraproject.Anaconda.Boss[3791]:  import imp
Mar 18 14:24:31 localhost org.fedoraproject.Anaconda.Boss[3791]: DEBUG:anaconda.modules.common.base.base:Publish the service.
Mar 18 14:24:31 localhost org.fedoraproject.Anaconda.Boss[3791]: DEBUG:dasbus.connection:Publishing an object at /org/fedoraproject/Anaconda/Boss.
Mar 18 14:24:31 localhost org.fedoraproject.Anaconda.Boss[3791]: INFO:anaconda.core.dbus:Connecting to the Anaconda bus at unix:abstract=/tmp/dbus-NEenc8lJ2h,guid=444e1f8058593de39600a0d3641601de.
Mar 18 14:24:31 localhost org.fedoraproject.Anaconda.Boss[3791]: DEBUG:dasbus.connection:Registering a service name org.fedoraproject.Anaconda.Boss.
Mar 18 14:24:31 localhost dbus-daemon[3737]: Successfully activated service 'org.fedoraproject.Anaconda.Boss'
Mar 18 14:24:31 localhost org.fedoraproject.Anaconda.Boss[3791]: DEBUG:anaconda.modules.common.base.base:Start the loop.
Mar 18 14:24:31 localhost org.fedoraproject.Anaconda.Boss[3791]: DEBUG:dasbus.connection:Publishing an object at /org/fedoraproject/Anaconda/Boss/Task/1.
Mar 18 14:24:31 localhost org.fedoraproject.Anaconda.Boss[3791]: INFO:anaconda.threading:Running Thread: AnaTaskThread-StartModulesTask-1 (140484018173696)
Mar 18 14:24:31 localhost org.fedoraproject.Anaconda.Boss[3791]: DEBUG:anaconda.modules.boss.module_manager.start_modules:Found org.fedoraproject.Anaconda.Modules.Timezone.
Mar 18 14:24:31 localhost org.fedoraproject.Anaconda.Boss[3791]: DEBUG:anaconda.modules.boss.module_manager.start_modules:Found org.fedoraproject.Anaconda.Modules.Network.
Mar 18 14:24:31 localhost org.fedoraproject.Anaconda.Boss[3791]: DEBUG:anaconda.modules.boss.module_manager.start_modules:Found org.fedoraproject.Anaconda.Modules.Localization.
Mar 18 14:24:31 localhost org.fedoraproject.Anaconda.Boss[3791]: DEBUG:anaconda.modules.boss.module_manager.start_modules:Found org.fedoraproject.Anaconda.Modules.Security.
Mar 18 14:24:31 localhost org.fedoraproject.Anaconda.Boss[3791]: DEBUG:anaconda.modules.boss.module_manager.start_modules:Found org.fedoraproject.Anaconda.Modules.Users.
Mar 18 14:24:31 localhost org.fedoraproject.Anaconda.Boss[3791]: DEBUG:anaconda.modules.boss.module_manager.start_modules:Found org.fedoraproject.Anaconda.Modules.Services.
Mar 18 14:24:31 localhost org.fedoraproject.Anaconda.Boss[3791]: DEBUG:anaconda.modules.boss.module_manager.start_modules:Starting org.fedoraproject.Anaconda.Modules.Timezone
Mar 18 14:24:31 localhost org.fedoraproject.Anaconda.Boss[3791]: DEBUG:anaconda.modules.boss.module_manager.start_modules:Starting org.fedoraproject.Anaconda.Modules.Network
Mar 18 14:24:31 localhost org.fedoraproject.Anaconda.Boss[3791]: DEBUG:anaconda.modules.boss.module_manager.start_modules:Starting org.fedoraproject.Anaconda.Modules.Localization
Mar 18 14:24:31 localhost org.fedoraproject.Anaconda.Boss[3791]: DEBUG:anaconda.modules.boss.module_manager.start_modules:Starting org.fedoraproject.Anaconda.Modules.Security
Mar 18 14:24:31 localhost org.fedoraproject.Anaconda.Boss[3791]: DEBUG:anaconda.modules.boss.module_manager.start_modules:Starting org.fedoraproject.Anaconda.Modules.Users
Mar 18 14:24:31 localhost org.fedoraproject.Anaconda.Boss[3791]: DEBUG:anaconda.modules.boss.module_manager.start_modules:Starting org.fedoraproject.Anaconda.Modules.Services
Mar 18 14:24:31 localhost dbus-daemon[3737]: Activating service name='org.fedoraproject.Anaconda.Modules.Timezone' requested by ':1.1' (uid=0 pid=3791 comm="/usr/libexec/platform-python -m pyanaconda.modules" label="system_u:system_r:unconfined_service_t:s0")
Mar 18 14:24:31 localhost dbus-daemon[3737]: Activating service name='org.fedoraproject.Anaconda.Modules.Network' requested by ':1.1' (uid=0 pid=3791 comm="/usr/libexec/platform-python -m pyanaconda.modules" label="system_u:system_r:unconfined_service_t:s0")
Mar 18 14:24:31 localhost dbus-daemon[3737]: Activating service name='org.fedoraproject.Anaconda.Modules.Localization' requested by ':1.1' (uid=0 pid=3791 comm="/usr/libexec/platform-python -m pyanaconda.modules" label="system_u:system_r:unconfined_service_t:s0")
Mar 18 14:24:31 localhost dbus-daemon[3737]: Activating service name='org.fedoraproject.Anaconda.Modules.Security' requested by ':1.1' (uid=0 pid=3791 comm="/usr/libexec/platform-python -m pyanaconda.modules" label="system_u:system_r:unconfined_service_t:s0")
Mar 18 14:24:31 localhost dbus-daemon[3737]: Activating service name='org.fedoraproject.Anaconda.Modules.Users' requested by ':1.1' (uid=0 pid=3791 comm="/usr/libexec/platform-python -m pyanaconda.modules" label="system_u:system_r:unconfined_service_t:s0")
